Archive member included to satisfy reference by file (symbol)

/Users/clfilho/SimplicityStudio/BLE/soc-ibeacon_EM4/protocol/bluetooth/lib/EFR32BG13P/GCC/libbluetooth.a(bgapi.c.obj)
                              ./main.o (gecko_cmd_msg_buf)
/Users/clfilho/SimplicityStudio/BLE/soc-ibeacon_EM4/protocol/bluetooth/lib/EFR32BG13P/GCC/libbluetooth.a(bgapi_gap.c.obj)
                              ./main.o (sli_bt_cmd_le_gap_bt5_set_adv_data)
/Users/clfilho/SimplicityStudio/BLE/soc-ibeacon_EM4/protocol/bluetooth/lib/EFR32BG13P/GCC/libbluetooth.a(bgapi_gatt.c.obj)
                              /Users/clfilho/SimplicityStudio/BLE/soc-ibeacon_EM4/protocol/bluetooth/lib/EFR32BG13P/GCC/libbluetooth.a(bgapi.c.obj) (bgapi_gatt_listener)
/Users/clfilho/SimplicityStudio/BLE/soc-ibeacon_EM4/protocol/bluetooth/lib/EFR32BG13P/GCC/libbluetooth.a(bgapi_system.c.obj)
                              ./main.o (sli_bt_cmd_system_set_tx_power)
/Users/clfilho/SimplicityStudio/BLE/soc-ibeacon_EM4/protocol/bluetooth/lib/EFR32BG13P/GCC/libbluetooth.a(bgbuf.c.obj)
                              /Users/clfilho/SimplicityStudio/BLE/soc-ibeacon_EM4/protocol/bluetooth/lib/EFR32BG13P/GCC/libbluetooth.a(bgapi.c.obj) (bgbuf_chain_free)
/Users/clfilho/SimplicityStudio/BLE/soc-ibeacon_EM4/protocol/bluetooth/lib/EFR32BG13P/GCC/libbluetooth.a(bglib.c.obj)
                              ./main.o (gecko_wait_event)
/Users/clfilho/SimplicityStudio/BLE/soc-ibeacon_EM4/protocol/bluetooth/lib/EFR32BG13P/GCC/libbluetooth.a(bondingdb.c.obj)
                              /Users/clfilho/SimplicityStudio/BLE/soc-ibeacon_EM4/protocol/bluetooth/lib/EFR32BG13P/GCC/libbluetooth.a(bglib.c.obj) (bondingdb_get_max_bonds)
/Users/clfilho/SimplicityStudio/BLE/soc-ibeacon_EM4/protocol/bluetooth/lib/EFR32BG13P/GCC/libbluetooth.a(btl_interface.c.obj)
                              /Users/clfilho/SimplicityStudio/BLE/soc-ibeacon_EM4/protocol/bluetooth/lib/EFR32BG13P/GCC/libbluetooth.a(bgapi.c.obj) (bootloader_getInfo)
/Users/clfilho/SimplicityStudio/BLE/soc-ibeacon_EM4/protocol/bluetooth/lib/EFR32BG13P/GCC/libbluetooth.a(efr32xg1x.c.obj)
                              /Users/clfilho/SimplicityStudio/BLE/soc-ibeacon_EM4/protocol/bluetooth/lib/EFR32BG13P/GCC/libbluetooth.a(bglib.c.obj) (bg_hal_set_ctune)
/Users/clfilho/SimplicityStudio/BLE/soc-ibeacon_EM4/protocol/bluetooth/lib/EFR32BG13P/GCC/libbluetooth.a(gap.c.obj)
                              /Users/clfilho/SimplicityStudio/BLE/soc-ibeacon_EM4/protocol/bluetooth/lib/EFR32BG13P/GCC/libbluetooth.a(bglib.c.obj) (gap_reset_state)
/Users/clfilho/SimplicityStudio/BLE/soc-ibeacon_EM4/protocol/bluetooth/lib/EFR32BG13P/GCC/libbluetooth.a(gap_adv.c.obj)
                              /Users/clfilho/SimplicityStudio/BLE/soc-ibeacon_EM4/protocol/bluetooth/lib/EFR32BG13P/GCC/libbluetooth.a(gap.c.obj) (gap_set_advertising_timeout)
/Users/clfilho/SimplicityStudio/BLE/soc-ibeacon_EM4/protocol/bluetooth/lib/EFR32BG13P/GCC/libbluetooth.a(gap_deprecated.c.obj)
                              /Users/clfilho/SimplicityStudio/BLE/soc-ibeacon_EM4/protocol/bluetooth/lib/EFR32BG13P/GCC/libbluetooth.a(bgapi_gap.c.obj) (ubt_gap_set_adv_parameters)
/Users/clfilho/SimplicityStudio/BLE/soc-ibeacon_EM4/protocol/bluetooth/lib/EFR32BG13P/GCC/libbluetooth.a(gap_periodic_adv-stubs.c.obj)
                              /Users/clfilho/SimplicityStudio/BLE/soc-ibeacon_EM4/protocol/bluetooth/lib/EFR32BG13P/GCC/libbluetooth.a(bglib.c.obj) (ubt_gap_alloc_periodic_adv)
/Users/clfilho/SimplicityStudio/BLE/soc-ibeacon_EM4/protocol/bluetooth/lib/EFR32BG13P/GCC/libbluetooth.a(gap_periodic_scan-stubs.c.obj)
                              /Users/clfilho/SimplicityStudio/BLE/soc-ibeacon_EM4/protocol/bluetooth/lib/EFR32BG13P/GCC/libbluetooth.a(bglib.c.obj) (ubt_gap_alloc_periodic_scan)
/Users/clfilho/SimplicityStudio/BLE/soc-ibeacon_EM4/protocol/bluetooth/lib/EFR32BG13P/GCC/libbluetooth.a(gap_resolver.c.obj)
                              /Users/clfilho/SimplicityStudio/BLE/soc-ibeacon_EM4/protocol/bluetooth/lib/EFR32BG13P/GCC/libbluetooth.a(gap.c.obj) (gap_address_resolver_step)
/Users/clfilho/SimplicityStudio/BLE/soc-ibeacon_EM4/protocol/bluetooth/lib/EFR32BG13P/GCC/libbluetooth.a(gap_scan.c.obj)
                              /Users/clfilho/SimplicityStudio/BLE/soc-ibeacon_EM4/protocol/bluetooth/lib/EFR32BG13P/GCC/libbluetooth.a(gap.c.obj) (gap_status_set_scan_packet)
/Users/clfilho/SimplicityStudio/BLE/soc-ibeacon_EM4/protocol/bluetooth/lib/EFR32BG13P/GCC/libbluetooth.a(gap_whitelist-stubs.c.obj)
                              /Users/clfilho/SimplicityStudio/BLE/soc-ibeacon_EM4/protocol/bluetooth/lib/EFR32BG13P/GCC/libbluetooth.a(bondingdb.c.obj) (gap_whitelist_clear_list)
/Users/clfilho/SimplicityStudio/BLE/soc-ibeacon_EM4/protocol/bluetooth/lib/EFR32BG13P/GCC/libbluetooth.a(gatt.c.obj)
                              /Users/clfilho/SimplicityStudio/BLE/soc-ibeacon_EM4/protocol/bluetooth/lib/EFR32BG13P/GCC/libbluetooth.a(gap.c.obj) (gatt_init_connection)
[...]
Memory Configuration

Name             Origin             Length             Attributes
FLASH_BOOTLOADER 0x000000000fe10000 0x0000000000004000 xr
FLASH            0x0000000000000000 0x0000000000080000 xr
RAM              0x0000000020000000 0x0000000000010000 xrw
*default*        0x0000000000000000 0xffffffffffffffff

Linker script and memory map

LOAD /Applications/Simplicity Studio.app/Contents/Eclipse/developer/toolchains/gnu_arm/7.2_2017q4/bin/../lib/gcc/arm-none-eabi/7.2.1/thumb/v7e-m/fpv4-sp/softfp/crti.o
LOAD /Applications/Simplicity Studio.app/Contents/Eclipse/developer/toolchains/gnu_arm/7.2_2017q4/bin/../lib/gcc/arm-none-eabi/7.2.1/thumb/v7e-m/fpv4-sp/softfp/crtbegin.o
LOAD /Applications/Simplicity Studio.app/Contents/Eclipse/developer/toolchains/gnu_arm/7.2_2017q4/bin/../lib/gcc/arm-none-eabi/7.2.1/../../../../arm-none-eabi/lib/thumb/v7e-m/fpv4-sp/softfp/crt0.o
START GROUP
LOAD ./app/bluetooth/common/util/infrastructure.o
LOAD ./application_properties.o
LOAD ./gatt_db.o
LOAD ./init_app.o
LOAD ./init_board_efr32xg1.o
LOAD ./init_mcu_efr32xg1.o
LOAD ./main.o
LOAD ./pti.o
LOAD ./hardware/kit/common/bsp/bsp_stk.o
LOAD ./hardware/kit/common/drivers/mx25flash_spi.o
LOAD ./platform/Device/SiliconLabs/EFR32BG13P/Source/GCC/startup_efr32bg13p.o
LOAD ./platform/Device/SiliconLabs/EFR32BG13P/Source/system_efr32bg13p.o
LOAD ./platform/emdrv/sleep/src/sleep.o
LOAD ./platform/emlib/src/em_assert.o
LOAD ./platform/emlib/src/em_burtc.o
LOAD ./platform/emlib/src/em_cmu.o
LOAD ./platform/emlib/src/em_core.o
LOAD ./platform/emlib/src/em_cryotimer.o
LOAD ./platform/emlib/src/em_crypto.o
LOAD ./platform/emlib/src/em_emu.o
LOAD ./platform/emlib/src/em_gpio.o
LOAD ./platform/emlib/src/em_i2c.o
LOAD ./platform/emlib/src/em_msc.o
LOAD ./platform/emlib/src/em_rmu.o
LOAD ./platform/emlib/src/em_rtcc.o
LOAD ./platform/emlib/src/em_se.o
LOAD ./platform/emlib/src/em_system.o
LOAD ./platform/emlib/src/em_timer.o
LOAD ./platform/emlib/src/em_usart.o
LOAD /Users/clfilho/SimplicityStudio/BLE/soc-ibeacon_EM4/protocol/bluetooth/lib/EFR32BG13P/GCC/libpsstore.a
LOAD /Users/clfilho/SimplicityStudio/BLE/soc-ibeacon_EM4/protocol/bluetooth/lib/EFR32BG13P/GCC/libbluetooth.a
LOAD /Users/clfilho/SimplicityStudio/BLE/soc-ibeacon_EM4/protocol/bluetooth/lib/EFR32BG13P/GCC/libmbedtls.a
LOAD /Users/clfilho/SimplicityStudio/BLE/soc-ibeacon_EM4/platform/radio/rail_lib/autogen/librail_release/librail_efr32xg13_gcc_release.a
LOAD /Users/clfilho/SimplicityStudio/BLE/soc-ibeacon_EM4/protocol/bluetooth/lib/EFR32BG13P/GCC/binapploader.o
LOAD /Applications/Simplicity Studio.app/Contents/Eclipse/developer/toolchains/gnu_arm/7.2_2017q4/bin/../lib/gcc/arm-none-eabi/7.2.1/../../../../arm-none-eabi/lib/thumb/v7e-m/fpv4-sp/softfp/libm.a
END GROUP
START GROUP
LOAD /Applications/Simplicity Studio.app/Contents/Eclipse/developer/toolchains/gnu_arm/7.2_2017q4/bin/../lib/gcc/arm-none-eabi/7.2.1/thumb/v7e-m/fpv4-sp/softfp/libgcc.a
LOAD /Applications/Simplicity Studio.app/Contents/Eclipse/developer/toolchains/gnu_arm/7.2_2017q4/bin/../lib/gcc/arm-none-eabi/7.2.1/../../../../arm-none-eabi/lib/thumb/v7e-m/fpv4-sp/softfp/libc_nano.a
LOAD /Applications/Simplicity Studio.app/Contents/Eclipse/developer/toolchains/gnu_arm/7.2_2017q4/bin/../lib/gcc/arm-none-eabi/7.2.1/../../../../arm-none-eabi/lib/thumb/v7e-m/fpv4-sp/softfp/libnosys.a
END GROUP
START GROUP
LOAD /Applications/Simplicity Studio.app/Contents/Eclipse/developer/toolchains/gnu_arm/7.2_2017q4/bin/../lib/gcc/arm-none-eabi/7.2.1/thumb/v7e-m/fpv4-sp/softfp/libgcc.a
LOAD /Applications/Simplicity Studio.app/Contents/Eclipse/developer/toolchains/gnu_arm/7.2_2017q4/bin/../lib/gcc/arm-none-eabi/7.2.1/../../../../arm-none-eabi/lib/thumb/v7e-m/fpv4-sp/softfp/libg_nano.a
LOAD /Applications/Simplicity Studio.app/Contents/Eclipse/developer/toolchains/gnu_arm/7.2_2017q4/bin/../lib/gcc/arm-none-eabi/7.2.1/../../../../arm-none-eabi/lib/thumb/v7e-m/fpv4-sp/softfp/libc_nano.a
END GROUP
START GROUP
LOAD /Applications/Simplicity Studio.app/Contents/Eclipse/developer/toolchains/gnu_arm/7.2_2017q4/bin/../lib/gcc/arm-none-eabi/7.2.1/thumb/v7e-m/fpv4-sp/softfp/libgcc.a
LOAD /Applications/Simplicity Studio.app/Contents/Eclipse/developer/toolchains/gnu_arm/7.2_2017q4/bin/../lib/gcc/arm-none-eabi/7.2.1/../../../../arm-none-eabi/lib/thumb/v7e-m/fpv4-sp/softfp/libc_nano.a
END GROUP
LOAD /Applications/Simplicity Studio.app/Contents/Eclipse/developer/toolchains/gnu_arm/7.2_2017q4/bin/../lib/gcc/arm-none-eabi/7.2.1/thumb/v7e-m/fpv4-sp/softfp/crtend.o
LOAD /Applications/Simplicity Studio.app/Contents/Eclipse/developer/toolchains/gnu_arm/7.2_2017q4/bin/../lib/gcc/arm-none-eabi/7.2.1/thumb/v7e-m/fpv4-sp/softfp/crtn.o

.text_bootloader
                0x000000000fe10000        0x0
 *(.binbootloader*)
                0x000000000fe10000                . = ALIGN (0x4000)

.text_apploader
                0x0000000000000000     0xa7c0
 *(.binapploader*)
 .binapploader  0x0000000000000000     0xa7c0 /Users/clfilho/SimplicityStudio/BLE/soc-ibeacon_EM4/protocol/bluetooth/lib/EFR32BG13P/GCC/binapploader.o

.text_signature
                0x000000000000a7c0       0x40
                0x000000000000a800                . = ALIGN (0x800)
 *fill*         0x000000000000a7c0       0x40 
                0x000000000000a800                __text_start__ = .

.text_application
                0x000000000000a800    0x208f0
 *(.vectors)
 .vectors       0x000000000000a800       0xfc ./platform/Device/SiliconLabs/EFR32BG13P/Source/GCC/startup_efr32bg13p.o
                0x000000000000a800                __Vectors
                0x000000000000a8fc                __Vectors_End = .
                0x00000000000000fc                __Vectors_Size = (__Vectors_End - __Vectors)
                0x000000000000a8fc                __end__ = .
 *(.application_properties)
 .application_properties
                0x000000000000a8fc       0x40 ./application_properties.o
                0x000000000000a8fc                applicationProperties
 *(.gecko_configuration)
 *(.xo_configuration)
 *(.gatt_header)
 .gatt_header   0x000000000000a93c       0x34 ./gatt_db.o
                0x000000000000a93c                bg_gattdb_data
 *(.gatt_data)
 .gatt_data     0x000000000000a970      0x106 ./gatt_db.o
                0x000000000000a970                bg_gattdb_data_adv_uuid128_map
                0x000000000000a974                bg_gattdb_data_adv_uuid16_map
                0x000000000000a978                bg_gattdb_data_attributes_dynamic_mapping_map
                0x000000000000a97c                bg_gattdb_data_attributes_map
                0x000000000000aa0c                bg_gattdb_data_attribute_field_0
                0x000000000000aa10                bg_gattdb_data_attribute_field_1
                0x000000000000aa18                bg_gattdb_data_attribute_field_2
                0x000000000000aa20                bg_gattdb_data_attribute_field_4
                0x000000000000aa24                bg_gattdb_data_attribute_field_5
                0x000000000000aa2c                bg_gattdb_data_attribute_field_6
                0x000000000000aa34                bg_gattdb_data_attribute_field_7
                0x000000000000aa3c                bg_gattdb_data_attribute_field_8
                0x000000000000aa40                bg_gattdb_data_attribute_field_9
                0x000000000000aa44                bg_gattdb_data_attribute_field_10
                0x000000000000aa4c                bg_gattdb_data_attribute_field_11
                0x000000000000aa5c                bg_gattdb_data_uuidtable_128_map
                0x000000000000aa60                bg_gattdb_data_uuidtable_16_map
 *(.text*)
 *fill*         0x000000000000aa76        0x2 
 .text          0x000000000000aa78       0x40 /Applications/Simplicity Studio.app/Contents/Eclipse/developer/toolchains/gnu_arm/7.2_2017q4/bin/../lib/gcc/arm-none-eabi/7.2.1/thumb/v7e-m/fpv4-sp/softfp/crtbegin.o
 .text          0x000000000000aab8       0x74 /Applications/Simplicity Studio.app/Contents/Eclipse/developer/toolchains/gnu_arm/7.2_2017q4/bin/../lib/gcc/arm-none-eabi/7.2.1/../../../../arm-none-eabi/lib/thumb/v7e-m/fpv4-sp/softfp/crt0.o
                0x000000000000aab8                _mainCRTStartup
                0x000000000000aab8                _start
 .text.initApp  0x000000000000ab2c       0x24 ./init_app.o
                0x000000000000ab2c                initApp
 .text.initBoard
                0x000000000000ab50       0x44 ./init_board_efr32xg1.o
                0x000000000000ab50                initBoard
 .text.initMcu  0x000000000000ab94      0x148 ./init_mcu_efr32xg1.o
                0x000000000000ab94                initMcu
 .text.initGPIO
                0x000000000000acdc       0x28 ./main.o
                0x000000000000acdc                initGPIO
 .text.enterIntoEM4S
                0x000000000000ad04       0x24 ./main.o
                0x000000000000ad04                enterIntoEM4S
 .text.CRYOTIMER_IRQHandler
                0x000000000000ad28        0xc ./main.o
                0x000000000000ad28                CRYOTIMER_IRQHandler
 .text.bcnSetupAdvBeaconing
                0x000000000000ad34      0x104 ./main.o
                0x000000000000ad34                bcnSetupAdvBeaconing
 .text.startup.main
                0x000000000000ae38       0xb8 ./main.o
                0x000000000000ae38                main
 .text.configEnablePti
                0x000000000000aef0       0x30 ./pti.o
                0x000000000000aef0                configEnablePti
 .text.MX25_init
                0x000000000000af20       0xa4 ./hardware/kit/common/drivers/mx25flash_spi.o
                0x000000000000af20                MX25_init
 .text.MX25_deinit
                0x000000000000afc4       0x54 ./hardware/kit/common/drivers/mx25flash_spi.o
                0x000000000000afc4                MX25_deinit
 .text.MX25_DP  0x000000000000b018       0x60 ./hardware/kit/common/drivers/mx25flash_spi.o
                0x000000000000b018                MX25_DP
 .text.Default_Handler
                0x000000000000b078        0x4 ./platform/Device/SiliconLabs/EFR32BG13P/Source/GCC/startup_efr32bg13p.o
                0x000000000000b078                IDAC0_IRQHandler
                0x000000000000b078                USART0_TX_IRQHandler
                0x000000000000b078                I2C0_IRQHandler
                0x000000000000b078                HardFault_Handler
                0x000000000000b078                SysTick_Handler
                0x000000000000b078                USART1_RX_IRQHandler
                0x000000000000b078                PendSV_Handler
                0x000000000000b078                NMI_Handler
                0x000000000000b078                I2C1_IRQHandler
                0x000000000000b078                WTIMER0_IRQHandler
                0x000000000000b078                CRYPTO0_IRQHandler
                0x000000000000b078                WDOG0_IRQHandler
                0x000000000000b078                USART1_TX_IRQHandler
                0x000000000000b078                SMU_IRQHandler
                0x000000000000b078                MSC_IRQHandler
                0x000000000000b078                ADC0_IRQHandler
                0x000000000000b078                UsageFault_Handler
                0x000000000000b078                WDOG1_IRQHandler
                0x000000000000b078                LEUART0_IRQHandler
                0x000000000000b078                FPUEH_IRQHandler
                0x000000000000b078                GPIO_EVEN_IRQHandler
                0x000000000000b078                VDAC0_IRQHandler
                0x000000000000b078                LDMA_IRQHandler
                0x000000000000b078                CSEN_IRQHandler
                0x000000000000b078                CRYPTO1_IRQHandler
                0x000000000000b078                TIMER0_IRQHandler
                0x000000000000b078                LETIMER0_IRQHandler
                0x000000000000b078                TIMER1_IRQHandler
                0x000000000000b078                TRNG0_IRQHandler
                0x000000000000b078                USART2_RX_IRQHandler
                0x000000000000b078                Default_Handler
                0x000000000000b078                EMU_IRQHandler
                0x000000000000b078                PCNT0_IRQHandler
                0x000000000000b078                ACMP0_IRQHandler
                0x000000000000b078                USART0_RX_IRQHandler
                0x000000000000b078                MemManage_Handler
                0x000000000000b078                SVC_Handler
                0x000000000000b078                RTCC_IRQHandler
                0x000000000000b078                CMU_IRQHandler
                0x000000000000b078                GPIO_ODD_IRQHandler
                0x000000000000b078                LESENSE_IRQHandler
                0x000000000000b078                BusFault_Handler
                0x000000000000b078                USART2_TX_IRQHandler
                0x000000000000b078                DebugMon_Handler
 .text.Reset_Handler
                0x000000000000b07c       0x2c ./platform/Device/SiliconLabs/EFR32BG13P/Source/GCC/startup_efr32bg13p.o
                0x000000000000b07c                Reset_Handler
 .text.SystemMaxCoreClockGet
                0x000000000000b0a8        0x8 ./platform/Device/SiliconLabs/EFR32BG13P/Source/system_efr32bg13p.o
                0x000000000000b0a8                SystemMaxCoreClockGet
 .text.SystemHFClockGet
                0x000000000000b0b0       0x50 ./platform/Device/SiliconLabs/EFR32BG13P/Source/system_efr32bg13p.o
                0x000000000000b0b0                SystemHFClockGet
 .text.SystemCoreClockGet
                0x000000000000b100       0x24 ./platform/Device/SiliconLabs/EFR32BG13P/Source/system_efr32bg13p.o
                0x000000000000b100                SystemCoreClockGet
 .text.SystemHFXOClockGet
                0x000000000000b124        0xc ./platform/Device/SiliconLabs/EFR32BG13P/Source/system_efr32bg13p.o
                0x000000000000b124                SystemHFXOClockGet
 .text.SystemHFXOClockSet
                0x000000000000b130       0x3c ./platform/Device/SiliconLabs/EFR32BG13P/Source/system_efr32bg13p.o
                0x000000000000b130                SystemHFXOClockSet
 .text.SystemInit
                0x000000000000b16c       0x1c ./platform/Device/SiliconLabs/EFR32BG13P/Source/system_efr32bg13p.o
                0x000000000000b16c                SystemInit
 .text.SystemLFRCOClockGet
                0x000000000000b188        0x8 ./platform/Device/SiliconLabs/EFR32BG13P/Source/system_efr32bg13p.o
                0x000000000000b188                SystemLFRCOClockGet
 .text.SystemULFRCOClockGet
                0x000000000000b190        0x8 ./platform/Device/SiliconLabs/EFR32BG13P/Source/system_efr32bg13p.o
                0x000000000000b190                SystemULFRCOClockGet
 .text.SystemLFXOClockGet
                0x000000000000b198        0xc ./platform/Device/SiliconLabs/EFR32BG13P/Source/system_efr32bg13p.o
                0x000000000000b198                SystemLFXOClockGet
 .text.SystemLFXOClockSet
                0x000000000000b1a4       0x3c ./platform/Device/SiliconLabs/EFR32BG13P/Source/system_efr32bg13p.o
                0x000000000000b1a4                SystemLFXOClockSet
 .text.sleepCallbackWrapper
                0x000000000000b1e0       0x14 ./platform/emdrv/sleep/src/sleep.o
 .text.enterEMx
                0x000000000000b1f4       0x54 ./platform/emdrv/sleep/src/sleep.o
 .text.SLEEP_Init
                0x000000000000b248       0x40 ./platform/emdrv/sleep/src/sleep.o
                0x000000000000b248                SLEEP_Init
 .text.SLEEP_Sleep
                0x000000000000b288       0x70 ./platform/emdrv/sleep/src/sleep.o
                0x000000000000b288                SLEEP_Sleep
 .text.SLEEP_ForceSleepInEM4
                0x000000000000b2f8        0x8 ./platform/emdrv/sleep/src/sleep.o
                0x000000000000b2f8                SLEEP_ForceSleepInEM4
 .text.SLEEP_SleepBlockBegin
                0x000000000000b300       0x18 ./platform/emdrv/sleep/src/sleep.o
                0x000000000000b300                SLEEP_SleepBlockBegin
 .text.SLEEP_SleepBlockEnd
                0x000000000000b318       0x1c ./platform/emdrv/sleep/src/sleep.o
                0x000000000000b318                SLEEP_SleepBlockEnd
 .text.SLEEP_LowestEnergyModeGet
                0x000000000000b334       0x1c ./platform/emdrv/sleep/src/sleep.o
                0x000000000000b334                SLEEP_LowestEnergyModeGet
 .text.flashWaitStateControl
                0x000000000000b350       0x5c ./platform/emlib/src/em_cmu.o
 .text.flashWaitStateMax
                0x000000000000b3ac       0x24 ./platform/emlib/src/em_cmu.o
 .text.CMU_OscillatorTuningSet.part.2
                0x000000000000b3d0       0x3c ./platform/emlib/src/em_cmu.o
 .text.CMU_UpdateWaitStates
                0x000000000000b40c       0x1c ./platform/emlib/src/em_cmu.o
                0x000000000000b40c                CMU_UpdateWaitStates
 .text.CMU_ClockEnable
                0x000000000000b428       0x94 ./platform/emlib/src/em_cmu.o
                0x000000000000b428                CMU_ClockEnable
 .text.CMU_ClockSelectGet
                0x000000000000b4bc       0xc4 ./platform/emlib/src/em_cmu.o
                0x000000000000b4bc                CMU_ClockSelectGet
 .text.lfClkGet
                0x000000000000b580       0x94 ./platform/emlib/src/em_cmu.o
 .text.CMU_ClockFreqGet
                0x000000000000b614      0x1b8 ./platform/emlib/src/em_cmu.o
                0x000000000000b614                CMU_ClockFreqGet
 .text.CMU_OscillatorTuningWait
                0x000000000000b7cc       0x48 ./platform/emlib/src/em_cmu.o
                0x000000000000b7cc                CMU_OscillatorTuningWait
 .text.CMU_OscillatorEnable
                0x000000000000b814      0x120 ./platform/emlib/src/em_cmu.o
                0x000000000000b814                CMU_OscillatorEnable
 .text.CMU_ClockSelectSet
                0x000000000000b934      0x2a8 ./platform/emlib/src/em_cmu.o
                0x000000000000b934                CMU_ClockSelectSet
 .text.CMU_HFXOAutostartEnable
                0x000000000000bbdc       0xe4 ./platform/emlib/src/em_cmu.o
                0x000000000000bbdc                CMU_HFXOAutostartEnable
 .text.CMU_HFXOInit
                0x000000000000bcc0       0x7c ./platform/emlib/src/em_cmu.o
                0x000000000000bcc0                CMU_HFXOInit
 .text.CMU_LFXOInit
                0x000000000000bd3c       0x44 ./platform/emlib/src/em_cmu.o
                0x000000000000bd3c                CMU_LFXOInit
 .text.CORE_EnterCritical
                0x000000000000bd80        0x8 ./platform/emlib/src/em_core.o
                0x000000000000bd80                CORE_EnterCritical
 .text.CORE_ExitCritical
                0x000000000000bd88        0x8 ./platform/emlib/src/em_core.o
                0x000000000000bd88                CORE_ExitCritical
 .text.CORE_EnterAtomic
                0x000000000000bd90        0x8 ./platform/emlib/src/em_core.o
                0x000000000000bd90                CORE_EnterAtomic
 .text.CORE_ExitAtomic
                0x000000000000bd98        0x4 ./platform/emlib/src/em_core.o
                0x000000000000bd98                CORE_ExitAtomic
 .text.CORE_SetNvicRamTableHandler
                0x000000000000bd9c       0x10 ./platform/emlib/src/em_core.o
                0x000000000000bd9c                CORE_SetNvicRamTableHandler
 .text.CORE_InitNvicVectorTable
                0x000000000000bdac       0x44 ./platform/emlib/src/em_core.o
                0x000000000000bdac                CORE_InitNvicVectorTable
 .text.CRYPTO_ModulusSet
                0x000000000000bdf0       0x38 ./platform/emlib/src/em_crypto.o
                0x000000000000bdf0                CRYPTO_ModulusSet
 .text.CRYPTO_KeyRead
                0x000000000000be28       0x2c ./platform/emlib/src/em_crypto.o
                0x000000000000be28                CRYPTO_KeyRead
 .text.lpGetDevinfoVrefLowHigh
                0x000000000000be54       0xdc ./platform/emlib/src/em_emu.o
 .text.vScaleDownEM23Setup
                0x000000000000bf30       0x30 ./platform/emlib/src/em_emu.o
 .text.vScaleAfterWakeup.part.1
                0x000000000000bf60       0x20 ./platform/emlib/src/em_emu.o
 .text.lpCmpHystCalibrationLoad.isra.2
                0x000000000000bf80       0x60 ./platform/emlib/src/em_emu.o
 .text.emState.part.3
                0x000000000000bfe0       0xc0 ./platform/emlib/src/em_emu.o
 .text.emState.constprop.5
                0x000000000000c0a0       0x50 ./platform/emlib/src/em_emu.o
 .text.EMU_EnterEM2
                0x000000000000c0f0       0x4c ./platform/emlib/src/em_emu.o
                0x000000000000c0f0                EMU_EnterEM2
 .text.EMU_EnterEM3
                0x000000000000c13c       0x68 ./platform/emlib/src/em_emu.o
                0x000000000000c13c                EMU_EnterEM3
 .text.EMU_Save
                0x000000000000c1a4        0x4 ./platform/emlib/src/em_emu.o
                0x000000000000c1a4                EMU_Save
 .text.EMU_Restore
                0x000000000000c1a8        0x4 ./platform/emlib/src/em_emu.o
                0x000000000000c1a8                EMU_Restore
 .text.EMU_EnterEM4
                0x000000000000c1ac       0x30 ./platform/emlib/src/em_emu.o
                0x000000000000c1ac                EMU_EnterEM4
 .text.EMU_VScaleEM01
                0x000000000000c1dc       0x78 ./platform/emlib/src/em_emu.o
                0x000000000000c1dc                EMU_VScaleEM01
 .text.EMU_VScaleEM01ByClock
                0x000000000000c254       0x50 ./platform/emlib/src/em_emu.o
                0x000000000000c254                EMU_VScaleEM01ByClock
 .text.EMU_EM01Init
                0x000000000000c2a4       0x14 ./platform/emlib/src/em_emu.o
                0x000000000000c2a4                EMU_EM01Init
 .text.EMU_EM23Init
                0x000000000000c2b8       0x24 ./platform/emlib/src/em_emu.o
                0x000000000000c2b8                EMU_EM23Init
 .text.EMU_EM4Init
                0x000000000000c2dc       0x54 ./platform/emlib/src/em_emu.o
                0x000000000000c2dc                EMU_EM4Init
 .text.EMU_DCDCModeSet
                0x000000000000c330       0x84 ./platform/emlib/src/em_emu.o
                0x000000000000c330                EMU_DCDCModeSet
 .text.EMU_DCDCOutputVoltageSet
                0x000000000000c3b4      0x16c ./platform/emlib/src/em_emu.o
                0x000000000000c3b4                EMU_DCDCOutputVoltageSet
 .text.EMU_DCDCOptimizeSlice
                0x000000000000c520       0xf8 ./platform/emlib/src/em_emu.o
                0x000000000000c520                EMU_DCDCOptimizeSlice
 .text.EMU_DCDCInit
                0x000000000000c618      0x10c ./platform/emlib/src/em_emu.o
                0x000000000000c618                EMU_DCDCInit
 .text.EMU_DCDCLnRcoBandSet
                0x000000000000c724       0x24 ./platform/emlib/src/em_emu.o
                0x000000000000c724                EMU_DCDCLnRcoBandSet
 .text.GPIO_PinModeSet
                0x000000000000c748       0x94 ./platform/emlib/src/em_gpio.o
                0x000000000000c748                GPIO_PinModeSet
 .text.GPIO_EM4EnablePinWakeup
                0x000000000000c7dc       0x54 ./platform/emlib/src/em_gpio.o
                0x000000000000c7dc                GPIO_EM4EnablePinWakeup
 .text.MSC_Init
                0x000000000000c830       0x20 ./platform/emlib/src/em_msc.o
                0x000000000000c830                MSC_Init
 .text.MSC_Deinit
                0x000000000000c850       0x14 ./platform/emlib/src/em_msc.o
                0x000000000000c850                MSC_Deinit
 .text.RMU_ResetCauseClear
                0x000000000000c864        0xc ./platform/emlib/src/em_rmu.o
                0x000000000000c864                RMU_ResetCauseClear
 .text.RMU_ResetCauseGet
                0x000000000000c870       0x60 ./platform/emlib/src/em_rmu.o
                0x000000000000c870                RMU_ResetCauseGet
 .text.RTCC_Init
                0x000000000000c8d0       0x64 ./platform/emlib/src/em_rtcc.o
                0x000000000000c8d0                RTCC_Init
 .text.SYSTEM_ChipRevisionGet
                0x000000000000c934       0x34 ./platform/emlib/src/em_system.o
                0x000000000000c934                SYSTEM_ChipRevisionGet
 .text.USART_InitSync
                0x000000000000c968       0xe0 ./platform/emlib/src/em_usart.o
                0x000000000000c968                USART_InitSync
 .text.USART_Reset
                0x000000000000ca48       0x58 ./platform/emlib/src/em_usart.o
                0x000000000000ca48                USART_Reset
 .text.USART_SpiTransfer
                0x000000000000caa0       0x14 ./platform/emlib/src/em_usart.o
                0x000000000000caa0                USART_SpiTransfer
 .text.convert_scan_respone_packet_type.isra.0
                0x000000000000cab4       0x44 /Users/clfilho/SimplicityStudio/BLE/soc-ibeacon_EM4/protocol/bluetooth/lib/EFR32BG13P/GCC/libbluetooth.a(bgapi.c.obj)
 .text.bgapi_ubt_listener
                0x000000000000caf8      0x3d4 /Users/clfilho/SimplicityStudio/BLE/soc-ibeacon_EM4/protocol/bluetooth/lib/EFR32BG13P/GCC/libbluetooth.a(bgapi.c.obj)
                0x000000000000caf8                bgapi_ubt_listener
 .text.bgapi_init
                0x000000000000cecc       0x10 /Users/clfilho/SimplicityStudio/BLE/soc-ibeacon_EM4/protocol/bluetooth/lib/EFR32BG13P/GCC/libbluetooth.a(bgapi.c.obj)
                0x000000000000cecc                bgapi_init
 .text.bgapi_buffer_init
                0x000000000000cedc       0x30 /Users/clfilho/SimplicityStudio/BLE/soc-ibeacon_EM4/protocol/bluetooth/lib/EFR32BG13P/GCC/libbluetooth.a(bgapi.c.obj)
                0x000000000000cedc                bgapi_buffer_init
 .text.set_adv_data
                0x000000000000cf0c       0x56 /Users/clfilho/SimplicityStudio/BLE/soc-ibeacon_EM4/protocol/bluetooth/lib/EFR32BG13P/GCC/libbluetooth.a(bgapi_gap.c.obj)
 .text.lib_le_gap_handler_init
                0x000000000000cf62        0x2 /Users/clfilho/SimplicityStudio/BLE/soc-ibeacon_EM4/protocol/bluetooth/lib/EFR32BG13P/GCC/libbluetooth.a(bgapi_gap.c.obj)
                0x000000000000cf62                lib_le_gap_handler_init
 .text.sli_bt_cmd_le_gap_bt5_set_adv_data
                0x000000000000cf64       0x34 /Users/clfilho/SimplicityStudio/BLE/soc-ibeacon_EM4/protocol/bluetooth/lib/EFR32BG13P/GCC/libbluetooth.a(bgapi_gap.c.obj)
                0x000000000000cf64                sli_bt_cmd_le_gap_bt5_set_adv_data
 .text.sli_bt_cmd_le_gap_set_advertise_timing
                0x000000000000cf98       0x3c /Users/clfilho/SimplicityStudio/BLE/soc-ibeacon_EM4/protocol/bluetooth/lib/EFR32BG13P/GCC/libbluetooth.a(bgapi_gap.c.obj)
                0x000000000000cf98                sli_bt_cmd_le_gap_set_advertise_timing
 .text.sli_bt_cmd_le_gap_start_advertising
                0x000000000000cfd4       0x38 /Users/clfilho/SimplicityStudio/BLE/soc-ibeacon_EM4/protocol/bluetooth/lib/EFR32BG13P/GCC/libbluetooth.a(bgapi_gap.c.obj)
                0x000000000000cfd4                sli_bt_cmd_le_gap_start_advertising
 .text.bgapi_gatt_listener
                0x000000000000d00c      0x28c /Users/clfilho/SimplicityStudio/BLE/soc-ibeacon_EM4/protocol/bluetooth/lib/EFR32BG13P/GCC/libbluetooth.a(bgapi_gatt.c.obj)
                0x000000000000d00c                bgapi_gatt_listener
 .text.bgapi_system_listener
                0x000000000000d298       0x30 /Users/clfilho/SimplicityStudio/BLE/soc-ibeacon_EM4/protocol/bluetooth/lib/EFR32BG13P/GCC/libbluetooth.a(bgapi_system.c.obj)
                0x000000000000d298                bgapi_system_listener
 .text.lib_system_handler_init
                0x000000000000d2c8       0x14 /Users/clfilho/SimplicityStudio/BLE/soc-ibeacon_EM4/protocol/bluetooth/lib/EFR32BG13P/GCC/libbluetooth.a(bgapi_system.c.obj)
                0x000000000000d2c8                lib_system_handler_init
 .text.sli_bt_cmd_system_set_tx_power
                0x000000000000d2dc       0x30 /Users/clfilho/SimplicityStudio/BLE/soc-ibeacon_EM4/protocol/bluetooth/lib/EFR32BG13P/GCC/libbluetooth.a(bgapi_system.c.obj)
                0x000000000000d2dc                sli_bt_cmd_system_set_tx_power
 .text.bgbuf_alloc_int
                0x000000000000d30c       0x9c /Users/clfilho/SimplicityStudio/BLE/soc-ibeacon_EM4/protocol/bluetooth/lib/EFR32BG13P/GCC/libbluetooth.a(bgbuf.c.obj)
 .text.bgbuf_init
                0x000000000000d3a8       0x2c /Users/clfilho/SimplicityStudio/BLE/soc-ibeacon_EM4/protocol/bluetooth/lib/EFR32BG13P/GCC/libbluetooth.a(bgbuf.c.obj)
                0x000000000000d3a8                bgbuf_init
 .text.bgbuf_alloc
                0x000000000000d3d4        0xc /Users/clfilho/SimplicityStudio/BLE/soc-ibeacon_EM4/protocol/bluetooth/lib/EFR32BG13P/GCC/libbluetooth.a(bgbuf.c.obj)
                0x000000000000d3d4                bgbuf_alloc
 .text.bgbuf_alloc_size
                0x000000000000d3e0       0x10 /Users/clfilho/SimplicityStudio/BLE/soc-ibeacon_EM4/protocol/bluetooth/lib/EFR32BG13P/GCC/libbluetooth.a(bgbuf.c.obj)
                0x000000000000d3e0                bgbuf_alloc_size
 .text.bgbuf_free
                0x000000000000d3f0       0x7c /Users/clfilho/SimplicityStudio/BLE/soc-ibeacon_EM4/protocol/bluetooth/lib/EFR32BG13P/GCC/libbluetooth.a(bgbuf.c.obj)
                0x000000000000d3f0                bgbuf_free
 .text.bgbuf_append
                0x000000000000d46c       0x16 /Users/clfilho/SimplicityStudio/BLE/soc-ibeacon_EM4/protocol/bluetooth/lib/EFR32BG13P/GCC/libbluetooth.a(bgbuf.c.obj)
                0x000000000000d46c                bgbuf_append
 .text.bgbuf_append_data
                0x000000000000d482       0x24 /Users/clfilho/SimplicityStudio/BLE/soc-ibeacon_EM4/protocol/bluetooth/lib/EFR32BG13P/GCC/libbluetooth.a(bgbuf.c.obj)
                0x000000000000d482                bgbuf_append_data
 .text.bgbuf_copy_to
                0x000000000000d4a6       0x5e /Users/clfilho/SimplicityStudio/BLE/soc-ibeacon_EM4/protocol/bluetooth/lib/EFR32BG13P/GCC/libbluetooth.a(bgbuf.c.obj)
                0x000000000000d4a6                bgbuf_copy_to
 .text.bgbuf_chain_free
                0x000000000000d504       0x14 /Users/clfilho/SimplicityStudio/BLE/soc-ibeacon_EM4/protocol/bluetooth/lib/EFR32BG13P/GCC/libbluetooth.a(bgbuf.c.obj)
                0x000000000000d504                bgbuf_chain_free
 .text.bgbuf_clone
                0x000000000000d518       0x72 /Users/clfilho/SimplicityStudio/BLE/soc-ibeacon_EM4/protocol/bluetooth/lib/EFR32BG13P/GCC/libbluetooth.a(bgbuf.c.obj)
                0x000000000000d518                bgbuf_clone
 .text.bgbuf_chain_pop_packet
                0x000000000000d58a       0x26 /Users/clfilho/SimplicityStudio/BLE/soc-ibeacon_EM4/protocol/bluetooth/lib/EFR32BG13P/GCC/libbluetooth.a(bgbuf.c.obj)
                0x000000000000d58a                bgbuf_chain_pop_packet
 .text.bgbuf_prepend_no_alloc
                0x000000000000d5b0       0x40 /Users/clfilho/SimplicityStudio/BLE/soc-ibeacon_EM4/protocol/bluetooth/lib/EFR32BG13P/GCC/libbluetooth.a(bgbuf.c.obj)
                0x000000000000d5b0                bgbuf_prepend_no_alloc
 .text.bgbuf_prepend
                0x000000000000d5f0       0x24 /Users/clfilho/SimplicityStudio/BLE/soc-ibeacon_EM4/protocol/bluetooth/lib/EFR32BG13P/GCC/libbluetooth.a(bgbuf.c.obj)
                0x000000000000d5f0                bgbuf_prepend
 .text.bgbuf_split
                0x000000000000d614       0x50 /Users/clfilho/SimplicityStudio/BLE/soc-ibeacon_EM4/protocol/bluetooth/lib/EFR32BG13P/GCC/libbluetooth.a(bgbuf.c.obj)
                0x000000000000d614                bgbuf_split
 .text.bgbuf_chain_get
                0x000000000000d664       0x46 /Users/clfilho/SimplicityStudio/BLE/soc-ibeacon_EM4/protocol/bluetooth/lib/EFR32BG13P/GCC/libbluetooth.a(bgbuf.c.obj)
                0x000000000000d664                bgbuf_chain_get
 .text.bgbuf_chain_get_head
                0x000000000000d6aa       0x10 /Users/clfilho/SimplicityStudio/BLE/soc-ibeacon_EM4/protocol/bluetooth/lib/EFR32BG13P/GCC/libbluetooth.a(bgbuf.c.obj)
                0x000000000000d6aa                bgbuf_chain_get_head
 .text.bgbuf_chain_len
                0x000000000000d6ba       0x14 /Users/clfilho/SimplicityStudio/BLE/soc-ibeacon_EM4/protocol/bluetooth/lib/EFR32BG13P/GCC/libbluetooth.a(bgbuf.c.obj)
                0x000000000000d6ba                bgbuf_chain_len
 .text.bgbuf_memcmp
                0x000000000000d6ce       0x44 /Users/clfilho/SimplicityStudio/BLE/soc-ibeacon_EM4/protocol/bluetooth/lib/EFR32BG13P/GCC/libbluetooth.a(bgbuf.c.obj)
                0x000000000000d6ce                bgbuf_memcmp
 .text.bgbuf_cmp
                0x000000000000d712       0xac /Users/clfilho/SimplicityStudio/BLE/soc-ibeacon_EM4/protocol/bluetooth/lib/EFR32BG13P/GCC/libbluetooth.a(bgbuf.c.obj)
                0x000000000000d712                bgbuf_cmp
 .text.bgbuf_chain_add
                0x000000000000d7be       0x14 /Users/clfilho/SimplicityStudio/BLE/soc-ibeacon_EM4/protocol/bluetooth/lib/EFR32BG13P/GCC/libbluetooth.a(bgbuf.c.obj)
                0x000000000000d7be                bgbuf_chain_add
 .text.bgbuf_chain_append_data
                0x000000000000d7d2       0x64 /Users/clfilho/SimplicityStudio/BLE/soc-ibeacon_EM4/protocol/bluetooth/lib/EFR32BG13P/GCC/libbluetooth.a(bgbuf.c.obj)
                0x000000000000d7d2                bgbuf_chain_append_data
 .text.bgbuf_alloc_copy_data
                0x000000000000d836       0x2a /Users/clfilho/SimplicityStudio/BLE/soc-ibeacon_EM4/protocol/bluetooth/lib/EFR32BG13P/GCC/libbluetooth.a(bgbuf.c.obj)
                0x000000000000d836                bgbuf_alloc_copy_data
 .text.bgbuf_chain_drop
                0x000000000000d860       0x2c /Users/clfilho/SimplicityStudio/BLE/soc-ibeacon_EM4/protocol/bluetooth/lib/EFR32BG13P/GCC/libbluetooth.a(bgbuf.c.obj)
                0x000000000000d860                bgbuf_chain_drop
 .text.bgbuf_chain_drop_end
                0x000000000000d88c       0x42 /Users/clfilho/SimplicityStudio/BLE/soc-ibeacon_EM4/protocol/bluetooth/lib/EFR32BG13P/GCC/libbluetooth.a(bgbuf.c.obj)
                0x000000000000d88c                bgbuf_chain_drop_end
 .text.bgbuf_chain_defragment
                0x000000000000d8ce       0x8c /Users/clfilho/SimplicityStudio/BLE/soc-ibeacon_EM4/protocol/bluetooth/lib/EFR32BG13P/GCC/libbluetooth.a(bgbuf.c.obj)
                0x000000000000d8ce                bgbuf_chain_defragment
 *fill*         0x000000000000d95a        0x2 
 .text.bgbuf_add_callback
                0x000000000000d95c       0x1c /Users/clfilho/SimplicityStudio/BLE/soc-ibeacon_EM4/protocol/bluetooth/lib/EFR32BG13P/GCC/libbluetooth.a(bgbuf.c.obj)
                0x000000000000d95c                bgbuf_add_callback
 .text.gecko_init_alloc
                0x000000000000d978       0x38 /Users/clfilho/SimplicityStudio/BLE/soc-ibeacon_EM4/protocol/bluetooth/lib/EFR32BG13P/GCC/libbluetooth.a(bglib.c.obj)
                0x000000000000d978                gecko_init_alloc
 .text.user_signal_message_handler
                0x000000000000d9b0       0x2c /Users/clfilho/SimplicityStudio/BLE/soc-ibeacon_EM4/protocol/bluetooth/lib/EFR32BG13P/GCC/libbluetooth.a(bglib.c.obj)
 .text.gecko_process_event
                0x000000000000d9dc       0x5c /Users/clfilho/SimplicityStudio/BLE/soc-ibeacon_EM4/protocol/bluetooth/lib/EFR32BG13P/GCC/libbluetooth.a(bglib.c.obj)
 .text.check_ctune_override
                0x000000000000da38       0x1e /Users/clfilho/SimplicityStudio/BLE/soc-ibeacon_EM4/protocol/bluetooth/lib/EFR32BG13P/GCC/libbluetooth.a(bglib.c.obj)
                0x000000000000da38                check_ctune_override
 .text.gecko_wait_event
                0x000000000000da56        0x6 /Users/clfilho/SimplicityStudio/BLE/soc-ibeacon_EM4/protocol/bluetooth/lib/EFR32BG13P/GCC/libbluetooth.a(bglib.c.obj)
                0x000000000000da56                gecko_wait_event
 .text.gecko_stack_update_callback
                0x000000000000da5c       0x10 /Users/clfilho/SimplicityStudio/BLE/soc-ibeacon_EM4/protocol/bluetooth/lib/EFR32BG13P/GCC/libbluetooth.a(bglib.c.obj)
                0x000000000000da5c                gecko_stack_update_callback
 .text.gecko_stack_init
                0x000000000000da6c      0x270 /Users/clfilho/SimplicityStudio/BLE/soc-ibeacon_EM4/protocol/bluetooth/lib/EFR32BG13P/GCC/libbluetooth.a(bglib.c.obj)
                0x000000000000da6c                gecko_stack_init
 .text.bondingdb_handle_valid
                0x000000000000dcdc       0x24 /Users/clfilho/SimplicityStudio/BLE/soc-ibeacon_EM4/protocol/bluetooth/lib/EFR32BG13P/GCC/libbluetooth.a(bondingdb.c.obj)
 .text.bondingdb_count_bonds
                0x000000000000dd00       0x18 /Users/clfilho/SimplicityStudio/BLE/soc-ibeacon_EM4/protocol/bluetooth/lib/EFR32BG13P/GCC/libbluetooth.a(bondingdb.c.obj)
                0x000000000000dd00                bondingdb_count_bonds
 .text.bondingdb_get_max_bonds
                0x000000000000dd18        0xc /Users/clfilho/SimplicityStudio/BLE/soc-ibeacon_EM4/protocol/bluetooth/lib/EFR32BG13P/GCC/libbluetooth.a(bondingdb.c.obj)
                0x000000000000dd18                bondingdb_get_max_bonds
 .text.ubt_sm_get_bonds
                0x000000000000dd24        0xc /Users/clfilho/SimplicityStudio/BLE/soc-ibeacon_EM4/protocol/bluetooth/lib/EFR32BG13P/GCC/libbluetooth.a(bondingdb.c.obj)
                0x000000000000dd24                ubt_sm_get_bonds
 .text.ubt_sm_set_bond_data
                0x000000000000dd30       0x2e /Users/clfilho/SimplicityStudio/BLE/soc-ibeacon_EM4/protocol/bluetooth/lib/EFR32BG13P/GCC/libbluetooth.a(bondingdb.c.obj)
                0x000000000000dd30                ubt_sm_set_bond_data
 *fill*         0x000000000000dd5e        0x2 
 .text.bondingdb_find_by_data
                0x000000000000dd60       0x5c /Users/clfilho/SimplicityStudio/BLE/soc-ibeacon_EM4/protocol/bluetooth/lib/EFR32BG13P/GCC/libbluetooth.a(bondingdb.c.obj)
                0x000000000000dd60                bondingdb_find_by_data
 .text.ubt_sm_get_bond_data
                0x000000000000ddbc       0x30 /Users/clfilho/SimplicityStudio/BLE/soc-ibeacon_EM4/protocol/bluetooth/lib/EFR32BG13P/GCC/libbluetooth.a(bondingdb.c.obj)
                0x000000000000ddbc                ubt_sm_get_bond_data
 .text.ubt_sm_delete_bonding
                0x000000000000ddec       0xd4 /Users/clfilho/SimplicityStudio/BLE/soc-ibeacon_EM4/protocol/bluetooth/lib/EFR32BG13P/GCC/libbluetooth.a(bondingdb.c.obj)
                0x000000000000ddec                ubt_sm_delete_bonding
 .text.ubt_sm_alloc_bond
                0x000000000000dec0       0xe0 /Users/clfilho/SimplicityStudio/BLE/soc-ibeacon_EM4/protocol/bluetooth/lib/EFR32BG13P/GCC/libbluetooth.a(bondingdb.c.obj)
                0x000000000000dec0                ubt_sm_alloc_bond
 .text.bondingdb_check_bonds
                0x000000000000dfa0       0x38 /Users/clfilho/SimplicityStudio/BLE/soc-ibeacon_EM4/protocol/bluetooth/lib/EFR32BG13P/GCC/libbluetooth.a(bondingdb.c.obj)
                0x000000000000dfa0                bondingdb_check_bonds
 .text.bondingdb_init
                0x000000000000dfd8       0x58 /Users/clfilho/SimplicityStudio/BLE/soc-ibeacon_EM4/protocol/bluetooth/lib/EFR32BG13P/GCC/libbluetooth.a(bondingdb.c.obj)
                0x000000000000dfd8                bondingdb_init
 .text.bondingdb_update_bonding_list
                0x000000000000e030       0x54 /Users/clfilho/SimplicityStudio/BLE/soc-ibeacon_EM4/protocol/bluetooth/lib/EFR32BG13P/GCC/libbluetooth.a(bondingdb.c.obj)
                0x000000000000e030                bondingdb_update_bonding_list
 .text.bondingdb_set_irk
                0x000000000000e084        0x8 /Users/clfilho/SimplicityStudio/BLE/soc-ibeacon_EM4/protocol/bluetooth/lib/EFR32BG13P/GCC/libbluetooth.a(bondingdb.c.obj)
                0x000000000000e084                bondingdb_set_irk
 .text.bondingdb_get_irk
                0x000000000000e08c       0x16 /Users/clfilho/SimplicityStudio/BLE/soc-ibeacon_EM4/protocol/bluetooth/lib/EFR32BG13P/GCC/libbluetooth.a(bondingdb.c.obj)
                0x000000000000e08c                bondingdb_get_irk
 .text.bondingdb_is_bonded
                0x000000000000e0a2       0x20 /Users/clfilho/SimplicityStudio/BLE/soc-ibeacon_EM4/protocol/bluetooth/lib/EFR32BG13P/GCC/libbluetooth.a(bondingdb.c.obj)
                0x000000000000e0a2                bondingdb_is_bonded
 *fill*         0x000000000000e0c2        0x2 
 .text.bootloader_getInfo
                0x000000000000e0c4       0x58 /Users/clfilho/SimplicityStudio/BLE/soc-ibeacon_EM4/protocol/bluetooth/lib/EFR32BG13P/GCC/libbluetooth.a(btl_interface.c.obj)
                0x000000000000e0c4                bootloader_getInfo
 .text.bg_hal_set_ctune
                0x000000000000e11c       0x64 /Users/clfilho/SimplicityStudio/BLE/soc-ibeacon_EM4/protocol/bluetooth/lib/EFR32BG13P/GCC/libbluetooth.a(efr32xg1x.c.obj)
                0x000000000000e11c                bg_hal_set_ctune
 .text.bg_hal_get_le_phys
                0x000000000000e180        0x4 /Users/clfilho/SimplicityStudio/BLE/soc-ibeacon_EM4/protocol/bluetooth/lib/EFR32BG13P/GCC/libbluetooth.a(efr32xg1x.c.obj)
                0x000000000000e180                bg_hal_get_le_phys
 .text.bg_hal_high_power_pa_mode_value
                0x000000000000e184        0x4 /Users/clfilho/SimplicityStudio/BLE/soc-ibeacon_EM4/protocol/bluetooth/lib/EFR32BG13P/GCC/libbluetooth.a(efr32xg1x.c.obj)
                0x000000000000e184                bg_hal_high_power_pa_mode_value
 .text.bg_hal_init_hfbus_clocks
                0x000000000000e188       0x14 /Users/clfilho/SimplicityStudio/BLE/soc-ibeacon_EM4/protocol/bluetooth/lib/EFR32BG13P/GCC/libbluetooth.a(efr32xg1x.c.obj)
                0x000000000000e188                bg_hal_init_hfbus_clocks
 .text.gap_is_scanning_or_advertising.part.0
                0x000000000000e19c       0x2c /Users/clfilho/SimplicityStudio/BLE/soc-ibeacon_EM4/protocol/bluetooth/lib/EFR32BG13P/GCC/libbluetooth.a(gap.c.obj)
 .text.gap_is_resolvable
                0x000000000000e1c8       0x18 /Users/clfilho/SimplicityStudio/BLE/soc-ibeacon_EM4/protocol/bluetooth/lib/EFR32BG13P/GCC/libbluetooth.a(gap.c.obj)
                0x000000000000e1c8                gap_is_resolvable
 .text.gap_init
                0x000000000000e1e0       0x14 /Users/clfilho/SimplicityStudio/BLE/soc-ibeacon_EM4/protocol/bluetooth/lib/EFR32BG13P/GCC/libbluetooth.a(gap.c.obj)
                0x000000000000e1e0                gap_init
 .text.gap_reset_state
                0x000000000000e1f4       0xbc /Users/clfilho/SimplicityStudio/BLE/soc-ibeacon_EM4/protocol/bluetooth/lib/EFR32BG13P/GCC/libbluetooth.a(gap.c.obj)
                0x000000000000e1f4                gap_reset_state
 .text.gap_notify_connection_parameters
                0x000000000000e2b0       0x60 /Users/clfilho/SimplicityStudio/BLE/soc-ibeacon_EM4/protocol/bluetooth/lib/EFR32BG13P/GCC/libbluetooth.a(gap.c.obj)
                0x000000000000e2b0                gap_notify_connection_parameters
 .text.gap_connection_complete.part.4
                0x000000000000e310       0xc8 /Users/clfilho/SimplicityStudio/BLE/soc-ibeacon_EM4/protocol/bluetooth/lib/EFR32BG13P/GCC/libbluetooth.a(gap.c.obj)
 .text.gap_notify_phy_status
                0x000000000000e3d8       0x3c /Users/clfilho/SimplicityStudio/BLE/soc-ibeacon_EM4/protocol/bluetooth/lib/EFR32BG13P/GCC/libbluetooth.a(gap.c.obj)
                0x000000000000e3d8                gap_notify_phy_status
 .text.gap_resolver_completed
                0x000000000000e414       0xac /Users/clfilho/SimplicityStudio/BLE/soc-ibeacon_EM4/protocol/bluetooth/lib/EFR32BG13P/GCC/libbluetooth.a(gap.c.obj)
                0x000000000000e414                gap_resolver_completed
 .text.check_private_address_and_timer
                0x000000000000e4c0       0x64 /Users/clfilho/SimplicityStudio/BLE/soc-ibeacon_EM4/protocol/bluetooth/lib/EFR32BG13P/GCC/libbluetooth.a(gap.c.obj)
                0x000000000000e4c0                check_private_address_and_timer
 .text.gap_scan_update
                0x000000000000e524       0xbc /Users/clfilho/SimplicityStudio/BLE/soc-ibeacon_EM4/protocol/bluetooth/lib/EFR32BG13P/GCC/libbluetooth.a(gap.c.obj)
                0x000000000000e524                gap_scan_update
 .text.gap_listener
                0x000000000000e5e0       0xa0 /Users/clfilho/SimplicityStudio/BLE/soc-ibeacon_EM4/protocol/bluetooth/lib/EFR32BG13P/GCC/libbluetooth.a(gap.c.obj)
                0x000000000000e5e0                gap_listener
 .text.gap_disconnect_acl
                0x000000000000e680       0x12 /Users/clfilho/SimplicityStudio/BLE/soc-ibeacon_EM4/protocol/bluetooth/lib/EFR32BG13P/GCC/libbluetooth.a(gap.c.obj)
                0x000000000000e680                gap_disconnect_acl
 *fill*         0x000000000000e692        0x2 
 .text.gap_connection_disconnected
                0x000000000000e694       0x34 /Users/clfilho/SimplicityStudio/BLE/soc-ibeacon_EM4/protocol/bluetooth/lib/EFR32BG13P/GCC/libbluetooth.a(gap.c.obj)
                0x000000000000e694                gap_connection_disconnected
 .text.gap_connection_complete
                0x000000000000e6c8       0x5c /Users/clfilho/SimplicityStudio/BLE/soc-ibeacon_EM4/protocol/bluetooth/lib/EFR32BG13P/GCC/libbluetooth.a(gap.c.obj)
                0x000000000000e6c8                gap_connection_complete
 .text.gap_encryption_changed
                0x000000000000e724       0x50 /Users/clfilho/SimplicityStudio/BLE/soc-ibeacon_EM4/protocol/bluetooth/lib/EFR32BG13P/GCC/libbluetooth.a(gap.c.obj)
                0x000000000000e724                gap_encryption_changed
 .text.ubt_gap_set_static_address_identity
                0x000000000000e774       0x50 /Users/clfilho/SimplicityStudio/BLE/soc-ibeacon_EM4/protocol/bluetooth/lib/EFR32BG13P/GCC/libbluetooth.a(gap.c.obj)
                0x000000000000e774                ubt_gap_set_static_address_identity
 .text.ubt_gap_get_identity_address
                0x000000000000e7c4       0x1c /Users/clfilho/SimplicityStudio/BLE/soc-ibeacon_EM4/protocol/bluetooth/lib/EFR32BG13P/GCC/libbluetooth.a(gap.c.obj)
                0x000000000000e7c4                ubt_gap_get_identity_address
 .text.gap_acl_new
                0x000000000000e7e0       0x30 /Users/clfilho/SimplicityStudio/BLE/soc-ibeacon_EM4/protocol/bluetooth/lib/EFR32BG13P/GCC/libbluetooth.a(gap.c.obj)
                0x000000000000e7e0                gap_acl_new
 .text.ubt_gap_get_identity_address_type
                0x000000000000e810       0x10 /Users/clfilho/SimplicityStudio/BLE/soc-ibeacon_EM4/protocol/bluetooth/lib/EFR32BG13P/GCC/libbluetooth.a(gap.c.obj)
                0x000000000000e810                ubt_gap_get_identity_address_type
 .text.cache_adv_scan_packet
                0x000000000000e820       0x20 /Users/clfilho/SimplicityStudio/BLE/soc-ibeacon_EM4/protocol/bluetooth/lib/EFR32BG13P/GCC/libbluetooth.a(gap_adv.c.obj)
 .text.bgbuf_chain_append_byte
                0x000000000000e840       0x16 /Users/clfilho/SimplicityStudio/BLE/soc-ibeacon_EM4/protocol/bluetooth/lib/EFR32BG13P/GCC/libbluetooth.a(gap_adv.c.obj)
 .text.gap_adv_add_attribute
                0x000000000000e856       0xa6 /Users/clfilho/SimplicityStudio/BLE/soc-ibeacon_EM4/protocol/bluetooth/lib/EFR32BG13P/GCC/libbluetooth.a(gap_adv.c.obj)
 .text.gap_adv_add_name
                0x000000000000e8fc       0x9e /Users/clfilho/SimplicityStudio/BLE/soc-ibeacon_EM4/protocol/bluetooth/lib/EFR32BG13P/GCC/libbluetooth.a(gap_adv.c.obj)
 .text.is_explicit_legacy_advertising
                0x000000000000e99a       0x10 /Users/clfilho/SimplicityStudio/BLE/soc-ibeacon_EM4/protocol/bluetooth/lib/EFR32BG13P/GCC/libbluetooth.a(gap_adv.c.obj)
 *fill*         0x000000000000e9aa        0x2 
 .text.validate_adv_data.part.1
                0x000000000000e9ac       0x58 /Users/clfilho/SimplicityStudio/BLE/soc-ibeacon_EM4/protocol/bluetooth/lib/EFR32BG13P/GCC/libbluetooth.a(gap_adv.c.obj)
 .text.can_do_extended_advertising
                0x000000000000ea04       0x18 /Users/clfilho/SimplicityStudio/BLE/soc-ibeacon_EM4/protocol/bluetooth/lib/EFR32BG13P/GCC/libbluetooth.a(gap_adv.c.obj)
                0x000000000000ea04                can_do_extended_advertising
 .text.is_legacy_advertising_preferred
                0x000000000000ea1c       0x4a /Users/clfilho/SimplicityStudio/BLE/soc-ibeacon_EM4/protocol/bluetooth/lib/EFR32BG13P/GCC/libbluetooth.a(gap_adv.c.obj)
 *fill*         0x000000000000ea66        0x2 
 .text.gap_alloc_mem
                0x000000000000ea68       0x2c /Users/clfilho/SimplicityStudio/BLE/soc-ibeacon_EM4/protocol/bluetooth/lib/EFR32BG13P/GCC/libbluetooth.a(gap_adv.c.obj)
                0x000000000000ea68                gap_alloc_mem
 .text.gap_adv_terminated_callback
                0x000000000000ea94       0x60 /Users/clfilho/SimplicityStudio/BLE/soc-ibeacon_EM4/protocol/bluetooth/lib/EFR32BG13P/GCC/libbluetooth.a(gap_adv.c.obj)
                0x000000000000ea94                gap_adv_terminated_callback
 .text.gap_create_adv_packets
                0x000000000000eaf4      0x128 /Users/clfilho/SimplicityStudio/BLE/soc-ibeacon_EM4/protocol/bluetooth/lib/EFR32BG13P/GCC/libbluetooth.a(gap_adv.c.obj)
                0x000000000000eaf4                gap_create_adv_packets
 .text.gap_set_advertising_timeout
                0x000000000000ec1c       0x7c /Users/clfilho/SimplicityStudio/BLE/soc-ibeacon_EM4/protocol/bluetooth/lib/EFR32BG13P/GCC/libbluetooth.a(gap_adv.c.obj)
                0x000000000000ec1c                gap_set_advertising_timeout
 .text.gap_set_advertising_timing
                0x000000000000ec98       0x64 /Users/clfilho/SimplicityStudio/BLE/soc-ibeacon_EM4/protocol/bluetooth/lib/EFR32BG13P/GCC/libbluetooth.a(gap_adv.c.obj)
                0x000000000000ec98                gap_set_advertising_timing
 .text.gap_get_advertising_scan_report_enable
                0x000000000000ecfc       0x24 /Users/clfilho/SimplicityStudio/BLE/soc-ibeacon_EM4/protocol/bluetooth/lib/EFR32BG13P/GCC/libbluetooth.a(gap_adv.c.obj)
                0x000000000000ecfc                gap_get_advertising_scan_report_enable
 .text.gap_adv_update
                0x000000000000ed20      0x1f8 /Users/clfilho/SimplicityStudio/BLE/soc-ibeacon_EM4/protocol/bluetooth/lib/EFR32BG13P/GCC/libbluetooth.a(gap_adv.c.obj)
                0x000000000000ed20                gap_adv_update
 .text.set_adv_data_bgbuf
                0x000000000000ef18       0x40 /Users/clfilho/SimplicityStudio/BLE/soc-ibeacon_EM4/protocol/bluetooth/lib/EFR32BG13P/GCC/libbluetooth.a(gap_adv.c.obj)
 .text.ubt_gap_set_adv_data
                0x000000000000ef58       0x54 /Users/clfilho/SimplicityStudio/BLE/soc-ibeacon_EM4/protocol/bluetooth/lib/EFR32BG13P/GCC/libbluetooth.a(gap_adv.c.obj)
                0x000000000000ef58                ubt_gap_set_adv_data
 .text.gap_stop_advertising
                0x000000000000efac       0x2c /Users/clfilho/SimplicityStudio/BLE/soc-ibeacon_EM4/protocol/bluetooth/lib/EFR32BG13P/GCC/libbluetooth.a(gap_adv.c.obj)
                0x000000000000efac                gap_stop_advertising
 .text.gap_start_advertising
                0x000000000000efd8      0x11c /Users/clfilho/SimplicityStudio/BLE/soc-ibeacon_EM4/protocol/bluetooth/lib/EFR32BG13P/GCC/libbluetooth.a(gap_adv.c.obj)
                0x000000000000efd8                gap_start_advertising
 .text.ubt_gap_alloc_periodic_adv
                0x000000000000f0f4        0x2 /Users/clfilho/SimplicityStudio/BLE/soc-ibeacon_EM4/protocol/bluetooth/lib/EFR32BG13P/GCC/libbluetooth.a(gap_periodic_adv-stubs.c.obj)
                0x000000000000f0f4                ubt_gap_alloc_periodic_adv
 .text.gap_periodic_adv_update
                0x000000000000f0f6        0x4 /Users/clfilho/SimplicityStudio/BLE/soc-ibeacon_EM4/protocol/bluetooth/lib/EFR32BG13P/GCC/libbluetooth.a(gap_periodic_adv-stubs.c.obj)
                0x000000000000f0f6                gap_periodic_adv_update
 .text.ubt_gap_set_periodic_advertising_data
                0x000000000000f0fa        0x6 /Users/clfilho/SimplicityStudio/BLE/soc-ibeacon_EM4/protocol/bluetooth/lib/EFR32BG13P/GCC/libbluetooth.a(gap_periodic_adv-stubs.c.obj)
                0x000000000000f0fa                ubt_gap_set_periodic_advertising_data
 .text.ubt_gap_alloc_periodic_scan
                0x000000000000f100        0x2 /Users/clfilho/SimplicityStudio/BLE/soc-ibeacon_EM4/protocol/bluetooth/lib/EFR32BG13P/GCC/libbluetooth.a(gap_periodic_scan-stubs.c.obj)
                0x000000000000f100                ubt_gap_alloc_periodic_scan
 *fill*         0x000000000000f102        0x2 
 .text.gap_address_resolver_step
                0x000000000000f104       0x94 /Users/clfilho/SimplicityStudio/BLE/soc-ibeacon_EM4/protocol/bluetooth/lib/EFR32BG13P/GCC/libbluetooth.a(gap_resolver.c.obj)
                0x000000000000f104                gap_address_resolver_step
 .text.gap_resolver_start
                0x000000000000f198       0x40 /Users/clfilho/SimplicityStudio/BLE/soc-ibeacon_EM4/protocol/bluetooth/lib/EFR32BG13P/GCC/libbluetooth.a(gap_resolver.c.obj)
                0x000000000000f198                gap_resolver_start
 .text.gap_status_set_scan_packet
                0x000000000000f1d8       0x20 /Users/clfilho/SimplicityStudio/BLE/soc-ibeacon_EM4/protocol/bluetooth/lib/EFR32BG13P/GCC/libbluetooth.a(gap_scan.c.obj)
                0x000000000000f1d8                gap_status_set_scan_packet
 .text.gat_status_get_scan_packet
                0x000000000000f1f8        0xc /Users/clfilho/SimplicityStudio/BLE/soc-ibeacon_EM4/protocol/bluetooth/lib/EFR32BG13P/GCC/libbluetooth.a(gap_scan.c.obj)
                0x000000000000f1f8                gat_status_get_scan_packet
 .text.gap_status_set_scan_response
                0x000000000000f204       0x20 /Users/clfilho/SimplicityStudio/BLE/soc-ibeacon_EM4/protocol/bluetooth/lib/EFR32BG13P/GCC/libbluetooth.a(gap_scan.c.obj)
                0x000000000000f204                gap_status_set_scan_response
 .text.gat_status_get_scan_response
                0x000000000000f224        0xc /Users/clfilho/SimplicityStudio/BLE/soc-ibeacon_EM4/protocol/bluetooth/lib/EFR32BG13P/GCC/libbluetooth.a(gap_scan.c.obj)
                0x000000000000f224                gat_status_get_scan_response
 .text.handle_scan_response_callback
                0x000000000000f230      0x19c /Users/clfilho/SimplicityStudio/BLE/soc-ibeacon_EM4/protocol/bluetooth/lib/EFR32BG13P/GCC/libbluetooth.a(gap_scan.c.obj)
                0x000000000000f230                handle_scan_response_callback
 .text.gap_whitelist_clear_list
                0x000000000000f3cc        0x6 /Users/clfilho/SimplicityStudio/BLE/soc-ibeacon_EM4/protocol/bluetooth/lib/EFR32BG13P/GCC/libbluetooth.a(gap_whitelist-stubs.c.obj)
                0x000000000000f3cc                gap_whitelist_clear_list
 .text.gap_whitelist_add_device
                0x000000000000f3d2        0x6 /Users/clfilho/SimplicityStudio/BLE/soc-ibeacon_EM4/protocol/bluetooth/lib/EFR32BG13P/GCC/libbluetooth.a(gap_whitelist-stubs.c.obj)
                0x000000000000f3d2                gap_whitelist_add_device
 .text.gap_whitelist_remove_device
                0x000000000000f3d8        0x6 /Users/clfilho/SimplicityStudio/BLE/soc-ibeacon_EM4/protocol/bluetooth/lib/EFR32BG13P/GCC/libbluetooth.a(gap_whitelist-stubs.c.obj)
                0x000000000000f3d8                gap_whitelist_remove_device
 *fill*         0x000000000000f3de        0x2 
 .text.gatt_init
                0x000000000000f3e0        0xc /Users/clfilho/SimplicityStudio/BLE/soc-ibeacon_EM4/protocol/bluetooth/lib/EFR32BG13P/GCC/libbluetooth.a(gatt.c.obj)
                0x000000000000f3e0                gatt_init
 .text.gatt_init_connection
                0x000000000000f3ec       0x50 /Users/clfilho/SimplicityStudio/BLE/soc-ibeacon_EM4/protocol/bluetooth/lib/EFR32BG13P/GCC/libbluetooth.a(gatt.c.obj)
                0x000000000000f3ec                gatt_init_connection
 .text.gatt_free_connection
                0x000000000000f43c       0x54 /Users/clfilho/SimplicityStudio/BLE/soc-ibeacon_EM4/protocol/bluetooth/lib/EFR32BG13P/GCC/libbluetooth.a(gatt.c.obj)
                0x000000000000f43c                gatt_free_connection
 .text.send_gatt_mtu_exchanged_event
                0x000000000000f490       0x2a /Users/clfilho/SimplicityStudio/BLE/soc-ibeacon_EM4/protocol/bluetooth/lib/EFR32BG13P/GCC/libbluetooth.a(gatt.c.obj)
                0x000000000000f490                send_gatt_mtu_exchanged_event
 .text.gatt_start_procedure_timeout_timer
                0x000000000000f4ba       0x16 /Users/clfilho/SimplicityStudio/BLE/soc-ibeacon_EM4/protocol/bluetooth/lib/EFR32BG13P/GCC/libbluetooth.a(gatt.c.obj)
                0x000000000000f4ba                gatt_start_procedure_timeout_timer
 .text.gatt_stop_procedure_timeout_timer
                0x000000000000f4d0        0x6 /Users/clfilho/SimplicityStudio/BLE/soc-ibeacon_EM4/protocol/bluetooth/lib/EFR32BG13P/GCC/libbluetooth.a(gatt.c.obj)
                0x000000000000f4d0                gatt_stop_procedure_timeout_timer
 .text.gatt_start_procedure
                0x000000000000f4d6       0x24 /Users/clfilho/SimplicityStudio/BLE/soc-ibeacon_EM4/protocol/bluetooth/lib/EFR32BG13P/GCC/libbluetooth.a(gatt.c.obj)
                0x000000000000f4d6                gatt_start_procedure
 .text.gatt_procedure_timeout
                0x000000000000f4fa       0x2e /Users/clfilho/SimplicityStudio/BLE/soc-ibeacon_EM4/protocol/bluetooth/lib/EFR32BG13P/GCC/libbluetooth.a(gatt.c.obj)
                0x000000000000f4fa                gatt_procedure_timeout
 .text.gatt_listener
                0x000000000000f528       0x84 /Users/clfilho/SimplicityStudio/BLE/soc-ibeacon_EM4/protocol/bluetooth/lib/EFR32BG13P/GCC/libbluetooth.a(gatt.c.obj)
 .text.gatt_get_next_connection
                0x000000000000f5ac       0x1a /Users/clfilho/SimplicityStudio/BLE/soc-ibeacon_EM4/protocol/bluetooth/lib/EFR32BG13P/GCC/libbluetooth.a(gatt.c.obj)
                0x000000000000f5ac                gatt_get_next_connection
 *fill*         0x000000000000f5c6        0x2 
 .text.get_att_uuid16
                0x000000000000f5c8       0x24 /Users/clfilho/SimplicityStudio/BLE/soc-ibeacon_EM4/protocol/bluetooth/lib/EFR32BG13P/GCC/libbluetooth.a(gatt_db_minimal.c.obj)
 .text.gatt_db_save_client_conf
                0x000000000000f5ec       0x2c /Users/clfilho/SimplicityStudio/BLE/soc-ibeacon_EM4/protocol/bluetooth/lib/EFR32BG13P/GCC/libbluetooth.a(gatt_db_minimal.c.obj)
 .text.get_client_conf
                0x000000000000f618       0x24 /Users/clfilho/SimplicityStudio/BLE/soc-ibeacon_EM4/protocol/bluetooth/lib/EFR32BG13P/GCC/libbluetooth.a(gatt_db_minimal.c.obj)
 .text.gatt_db_set_db
                0x000000000000f63c       0x14 /Users/clfilho/SimplicityStudio/BLE/soc-ibeacon_EM4/protocol/bluetooth/lib/EFR32BG13P/GCC/libbluetooth.a(gatt_db_minimal.c.obj)
                0x000000000000f63c                gatt_db_set_db
 .text.gatt_db_get_caps
                0x000000000000f650       0x18 /Users/clfilho/SimplicityStudio/BLE/soc-ibeacon_EM4/protocol/bluetooth/lib/EFR32BG13P/GCC/libbluetooth.a(gatt_db_minimal.c.obj)
                0x000000000000f650                gatt_db_get_caps
 .text.gatt_db_invalidate_hash
                0x000000000000f668       0x10 /Users/clfilho/SimplicityStudio/BLE/soc-ibeacon_EM4/protocol/bluetooth/lib/EFR32BG13P/GCC/libbluetooth.a(gatt_db_minimal.c.obj)
                0x000000000000f668                gatt_db_invalidate_hash
 .text.gatt_db_set_client_features
                0x000000000000f678       0x1c /Users/clfilho/SimplicityStudio/BLE/soc-ibeacon_EM4/protocol/bluetooth/lib/EFR32BG13P/GCC/libbluetooth.a(gatt_db_minimal.c.obj)
                0x000000000000f678                gatt_db_set_client_features
 .text.gatt_db_handle_inrange
                0x000000000000f694       0x18 /Users/clfilho/SimplicityStudio/BLE/soc-ibeacon_EM4/protocol/bluetooth/lib/EFR32BG13P/GCC/libbluetooth.a(gatt_db_minimal.c.obj)
                0x000000000000f694                gatt_db_handle_inrange
 .text.gatt_db_handle_active
                0x000000000000f6ac       0x30 /Users/clfilho/SimplicityStudio/BLE/soc-ibeacon_EM4/protocol/bluetooth/lib/EFR32BG13P/GCC/libbluetooth.a(gatt_db_minimal.c.obj)
                0x000000000000f6ac                gatt_db_handle_active
 .text.get_client_conf_index
                0x000000000000f6dc       0x44 /Users/clfilho/SimplicityStudio/BLE/soc-ibeacon_EM4/protocol/bluetooth/lib/EFR32BG13P/GCC/libbluetooth.a(gatt_db_minimal.c.obj)
 .text.gatt_db_get_char_properties
                0x000000000000f720       0x44 /Users/clfilho/SimplicityStudio/BLE/soc-ibeacon_EM4/protocol/bluetooth/lib/EFR32BG13P/GCC/libbluetooth.a(gatt_db_minimal.c.obj)
                0x000000000000f720                gatt_db_get_char_properties
 .text.gatt_db_user_value
                0x000000000000f764       0x1c /Users/clfilho/SimplicityStudio/BLE/soc-ibeacon_EM4/protocol/bluetooth/lib/EFR32BG13P/GCC/libbluetooth.a(gatt_db_minimal.c.obj)
                0x000000000000f764                gatt_db_user_value
 .text.gatt_db_load_client_conf
                0x000000000000f780       0x4c /Users/clfilho/SimplicityStudio/BLE/soc-ibeacon_EM4/protocol/bluetooth/lib/EFR32BG13P/GCC/libbluetooth.a(gatt_db_minimal.c.obj)
                0x000000000000f780                gatt_db_load_client_conf
 .text.gatt_db_get_client_conf
                0x000000000000f7cc       0x68 /Users/clfilho/SimplicityStudio/BLE/soc-ibeacon_EM4/protocol/bluetooth/lib/EFR32BG13P/GCC/libbluetooth.a(gatt_db_minimal.c.obj)
                0x000000000000f7cc                gatt_db_get_client_conf
 .text.gatt_db_get_att_len
                0x000000000000f834       0x3c /Users/clfilho/SimplicityStudio/BLE/soc-ibeacon_EM4/protocol/bluetooth/lib/EFR32BG13P/GCC/libbluetooth.a(gatt_db_minimal.c.obj)
                0x000000000000f834                gatt_db_get_att_len
 .text.gatt_db_check_permissions
                0x000000000000f870      0x124 /Users/clfilho/SimplicityStudio/BLE/soc-ibeacon_EM4/protocol/bluetooth/lib/EFR32BG13P/GCC/libbluetooth.a(gatt_db_minimal.c.obj)
                0x000000000000f870                gatt_db_check_permissions
 .text.gatt_db_check_notify_permission
                0x000000000000f994       0x94 /Users/clfilho/SimplicityStudio/BLE/soc-ibeacon_EM4/protocol/bluetooth/lib/EFR32BG13P/GCC/libbluetooth.a(gatt_db_minimal.c.obj)
                0x000000000000f994                gatt_db_check_notify_permission
 .text.gatt_db_get_data
                0x000000000000fa28       0xa0 /Users/clfilho/SimplicityStudio/BLE/soc-ibeacon_EM4/protocol/bluetooth/lib/EFR32BG13P/GCC/libbluetooth.a(gatt_db_minimal.c.obj)
                0x000000000000fa28                gatt_db_get_data
 .text.gatt_db_calculate_hash
                0x000000000000fac8       0xdc /Users/clfilho/SimplicityStudio/BLE/soc-ibeacon_EM4/protocol/bluetooth/lib/EFR32BG13P/GCC/libbluetooth.a(gatt_db_minimal.c.obj)
                0x000000000000fac8                gatt_db_calculate_hash
 .text.gatt_db_set_hash
                0x000000000000fba4       0x5c /Users/clfilho/SimplicityStudio/BLE/soc-ibeacon_EM4/protocol/bluetooth/lib/EFR32BG13P/GCC/libbluetooth.a(gatt_db_minimal.c.obj)
                0x000000000000fba4                gatt_db_set_hash
 .text.gatt_db_set_data
                0x000000000000fc00      0x198 /Users/clfilho/SimplicityStudio/BLE/soc-ibeacon_EM4/protocol/bluetooth/lib/EFR32BG13P/GCC/libbluetooth.a(gatt_db_minimal.c.obj)
                0x000000000000fc00                gatt_db_set_data
 .text.gatt_db_find_attribute_by_type
                0x000000000000fd98       0x38 /Users/clfilho/SimplicityStudio/BLE/soc-ibeacon_EM4/protocol/bluetooth/lib/EFR32BG13P/GCC/libbluetooth.a(gatt_db_minimal.c.obj)
                0x000000000000fd98                gatt_db_find_attribute_by_type
 .text.gatt_db_find_group_end
                0x000000000000fdd0       0x48 /Users/clfilho/SimplicityStudio/BLE/soc-ibeacon_EM4/protocol/bluetooth/lib/EFR32BG13P/GCC/libbluetooth.a(gatt_db_minimal.c.obj)
                0x000000000000fdd0                gatt_db_find_group_end
 .text.gatt_db_find_by_type_value
                0x000000000000fe18       0x90 /Users/clfilho/SimplicityStudio/BLE/soc-ibeacon_EM4/protocol/bluetooth/lib/EFR32BG13P/GCC/libbluetooth.a(gatt_db_minimal.c.obj)
                0x000000000000fe18                gatt_db_find_by_type_value
 .text.gatt_db_populate_adv_services
                0x000000000000fea8      0x164 /Users/clfilho/SimplicityStudio/BLE/soc-ibeacon_EM4/protocol/bluetooth/lib/EFR32BG13P/GCC/libbluetooth.a(gatt_db_minimal.c.obj)
                0x000000000000fea8                gatt_db_populate_adv_services
 .text.gatt_db_get_attribute_type
                0x000000000001000c       0x34 /Users/clfilho/SimplicityStudio/BLE/soc-ibeacon_EM4/protocol/bluetooth/lib/EFR32BG13P/GCC/libbluetooth.a(gatt_db_minimal.c.obj)
                0x000000000001000c                gatt_db_get_attribute_type
 .text.gatt_db_get_16bit_char_handle
                0x0000000000010040       0x26 /Users/clfilho/SimplicityStudio/BLE/soc-ibeacon_EM4/protocol/bluetooth/lib/EFR32BG13P/GCC/libbluetooth.a(gatt_db_minimal.c.obj)
                0x0000000000010040                gatt_db_get_16bit_char_handle
 *fill*         0x0000000000010066        0x2 
 .text.gatt_db_reset_client_conf
                0x0000000000010068       0x80 /Users/clfilho/SimplicityStudio/BLE/soc-ibeacon_EM4/protocol/bluetooth/lib/EFR32BG13P/GCC/libbluetooth.a(gatt_db_minimal.c.obj)
                0x0000000000010068                gatt_db_reset_client_conf
 .text.send_user_write_request_event
                0x00000000000100e8       0x48 /Users/clfilho/SimplicityStudio/BLE/soc-ibeacon_EM4/protocol/bluetooth/lib/EFR32BG13P/GCC/libbluetooth.a(gatt_server.c.obj)
 .text.send_user_read_request_event
                0x0000000000010130       0x32 /Users/clfilho/SimplicityStudio/BLE/soc-ibeacon_EM4/protocol/bluetooth/lib/EFR32BG13P/GCC/libbluetooth.a(gatt_server.c.obj)
 .text.send_execute_write_completed_event
                0x0000000000010162       0x2a /Users/clfilho/SimplicityStudio/BLE/soc-ibeacon_EM4/protocol/bluetooth/lib/EFR32BG13P/GCC/libbluetooth.a(gatt_server.c.obj)
 .text.finish_read_req
                0x000000000001018c       0x96 /Users/clfilho/SimplicityStudio/BLE/soc-ibeacon_EM4/protocol/bluetooth/lib/EFR32BG13P/GCC/libbluetooth.a(gatt_server.c.obj)
 .text.handle_read_req
                0x0000000000010222       0xa4 /Users/clfilho/SimplicityStudio/BLE/soc-ibeacon_EM4/protocol/bluetooth/lib/EFR32BG13P/GCC/libbluetooth.a(gatt_server.c.obj)
 .text.finish_execute_write_req
                0x00000000000102c6       0xa8 /Users/clfilho/SimplicityStudio/BLE/soc-ibeacon_EM4/protocol/bluetooth/lib/EFR32BG13P/GCC/libbluetooth.a(gatt_server.c.obj)
 .text.send_notification
                0x000000000001036e       0x98 /Users/clfilho/SimplicityStudio/BLE/soc-ibeacon_EM4/protocol/bluetooth/lib/EFR32BG13P/GCC/libbluetooth.a(gatt_server.c.obj)
 *fill*         0x0000000000010406        0x2 
 .text.gatt_server_send_attribute_value_event
                0x0000000000010408       0x48 /Users/clfilho/SimplicityStudio/BLE/soc-ibeacon_EM4/protocol/bluetooth/lib/EFR32BG13P/GCC/libbluetooth.a(gatt_server.c.obj)
                0x0000000000010408                gatt_server_send_attribute_value_event
 .text.gatt_server_send_characteristic_status_event
                0x0000000000010450       0x32 /Users/clfilho/SimplicityStudio/BLE/soc-ibeacon_EM4/protocol/bluetooth/lib/EFR32BG13P/GCC/libbluetooth.a(gatt_server.c.obj)
                0x0000000000010450                gatt_server_send_characteristic_status_event
 *fill*         0x0000000000010482        0x2 
 .text.gatt_server_handle_exchange_mtu_req
                0x0000000000010484       0x3c /Users/clfilho/SimplicityStudio/BLE/soc-ibeacon_EM4/protocol/bluetooth/lib/EFR32BG13P/GCC/libbluetooth.a(gatt_server.c.obj)
                0x0000000000010484                gatt_server_handle_exchange_mtu_req
 .text.gatt_server_handle_read_by_group_type
                0x00000000000104c0      0x120 /Users/clfilho/SimplicityStudio/BLE/soc-ibeacon_EM4/protocol/bluetooth/lib/EFR32BG13P/GCC/libbluetooth.a(gatt_server.c.obj)
                0x00000000000104c0                gatt_server_handle_read_by_group_type
 .text.gatt_server_handle_read_by_type
                0x00000000000105e0      0x184 /Users/clfilho/SimplicityStudio/BLE/soc-ibeacon_EM4/protocol/bluetooth/lib/EFR32BG13P/GCC/libbluetooth.a(gatt_server.c.obj)
                0x00000000000105e0                gatt_server_handle_read_by_type
 .text.gatt_server_handle_find_information
                0x0000000000010764       0xe2 /Users/clfilho/SimplicityStudio/BLE/soc-ibeacon_EM4/protocol/bluetooth/lib/EFR32BG13P/GCC/libbluetooth.a(gatt_server.c.obj)
                0x0000000000010764                gatt_server_handle_find_information
 .text.gatt_server_handle_find_by_type_value_req
                0x0000000000010846       0xc8 /Users/clfilho/SimplicityStudio/BLE/soc-ibeacon_EM4/protocol/bluetooth/lib/EFR32BG13P/GCC/libbluetooth.a(gatt_server.c.obj)
                0x0000000000010846                gatt_server_handle_find_by_type_value_req
 .text.gatt_server_handle_read_req
                0x000000000001090e        0xc /Users/clfilho/SimplicityStudio/BLE/soc-ibeacon_EM4/protocol/bluetooth/lib/EFR32BG13P/GCC/libbluetooth.a(gatt_server.c.obj)
                0x000000000001090e                gatt_server_handle_read_req
 .text.gatt_server_handle_read_blob_req
                0x000000000001091a        0xa /Users/clfilho/SimplicityStudio/BLE/soc-ibeacon_EM4/protocol/bluetooth/lib/EFR32BG13P/GCC/libbluetooth.a(gatt_server.c.obj)
                0x000000000001091a                gatt_server_handle_read_blob_req
 .text.gatt_server_handle_read_multiple_req
                0x0000000000010924       0xee /Users/clfilho/SimplicityStudio/BLE/soc-ibeacon_EM4/protocol/bluetooth/lib/EFR32BG13P/GCC/libbluetooth.a(gatt_server.c.obj)
                0x0000000000010924                gatt_server_handle_read_multiple_req
 .text.gatt_server_handle_write_req
                0x0000000000010a12       0x96 /Users/clfilho/SimplicityStudio/BLE/soc-ibeacon_EM4/protocol/bluetooth/lib/EFR32BG13P/GCC/libbluetooth.a(gatt_server.c.obj)
                0x0000000000010a12                gatt_server_handle_write_req
 .text.gatt_server_handle_write_cmd
                0x0000000000010aa8       0x84 /Users/clfilho/SimplicityStudio/BLE/soc-ibeacon_EM4/protocol/bluetooth/lib/EFR32BG13P/GCC/libbluetooth.a(gatt_server.c.obj)
                0x0000000000010aa8                gatt_server_handle_write_cmd
 .text.gatt_server_handle_prepare_write_req
                0x0000000000010b2c       0xa4 /Users/clfilho/SimplicityStudio/BLE/soc-ibeacon_EM4/protocol/bluetooth/lib/EFR32BG13P/GCC/libbluetooth.a(gatt_server.c.obj)
                0x0000000000010b2c                gatt_server_handle_prepare_write_req
 .text.gatt_server_handle_execute_write_req
                0x0000000000010bd0       0x28 /Users/clfilho/SimplicityStudio/BLE/soc-ibeacon_EM4/protocol/bluetooth/lib/EFR32BG13P/GCC/libbluetooth.a(gatt_server.c.obj)
                0x0000000000010bd0                gatt_server_handle_execute_write_req
 .text.gatt_server_handle_value_cfm
                0x0000000000010bf8       0x48 /Users/clfilho/SimplicityStudio/BLE/soc-ibeacon_EM4/protocol/bluetooth/lib/EFR32BG13P/GCC/libbluetooth.a(gatt_server.c.obj)
                0x0000000000010bf8                gatt_server_handle_value_cfm
 .text.gatt_server_report_gattdb_change
                0x0000000000010c40       0x5c /Users/clfilho/SimplicityStudio/BLE/soc-ibeacon_EM4/protocol/bluetooth/lib/EFR32BG13P/GCC/libbluetooth.a(gatt_server.c.obj)
                0x0000000000010c40                gatt_server_report_gattdb_change
 .text.gatt_server_report_client_config
                0x0000000000010c9c       0xa8 /Users/clfilho/SimplicityStudio/BLE/soc-ibeacon_EM4/protocol/bluetooth/lib/EFR32BG13P/GCC/libbluetooth.a(gatt_server.c.obj)
                0x0000000000010c9c                gatt_server_report_client_config
 .text.handle_database_changed.part.3
                0x0000000000010d44       0x76 /Users/clfilho/SimplicityStudio/BLE/soc-ibeacon_EM4/protocol/bluetooth/lib/EFR32BG13P/GCC/libbluetooth.a(gatt_server.c.obj)
 .text.gatt_server_handle_att
                0x0000000000010dba      0x262 /Users/clfilho/SimplicityStudio/BLE/soc-ibeacon_EM4/protocol/bluetooth/lib/EFR32BG13P/GCC/libbluetooth.a(gatt_server.c.obj)
                0x0000000000010dba                gatt_server_handle_att
 .text.gatt_set_gattdb
                0x000000000001101c       0x50 /Users/clfilho/SimplicityStudio/BLE/soc-ibeacon_EM4/protocol/bluetooth/lib/EFR32BG13P/GCC/libbluetooth.a(gatt_server.c.obj)
                0x000000000001101c                gatt_set_gattdb
 .text.gatt_server_enter_att_handling
                0x000000000001106c        0xa /Users/clfilho/SimplicityStudio/BLE/soc-ibeacon_EM4/protocol/bluetooth/lib/EFR32BG13P/GCC/libbluetooth.a(gatt_server.c.obj)
                0x000000000001106c                gatt_server_enter_att_handling
 .text.gatt_server_leave_att_handling
                0x0000000000011076        0xa /Users/clfilho/SimplicityStudio/BLE/soc-ibeacon_EM4/protocol/bluetooth/lib/EFR32BG13P/GCC/libbluetooth.a(gatt_server.c.obj)
                0x0000000000011076                gatt_server_leave_att_handling
 .text.gatt_server_att_handling
                0x0000000000011080        0x8 /Users/clfilho/SimplicityStudio/BLE/soc-ibeacon_EM4/protocol/bluetooth/lib/EFR32BG13P/GCC/libbluetooth.a(gatt_server.c.obj)
                0x0000000000011080                gatt_server_att_handling
 .text.gecko_bgapi_class_dfu_init
                0x0000000000011088       0x12 /Users/clfilho/SimplicityStudio/BLE/soc-ibeacon_EM4/protocol/bluetooth/lib/EFR32BG13P/GCC/libbluetooth.a(gecko_bgapi_dfu.c.obj)
                0x0000000000011088                gecko_bgapi_class_dfu_init
 .text.gecko_bgapi_class_flash_init
                0x000000000001109a       0x12 /Users/clfilho/SimplicityStudio/BLE/soc-ibeacon_EM4/protocol/bluetooth/lib/EFR32BG13P/GCC/libbluetooth.a(gecko_bgapi_flash.c.obj)
                0x000000000001109a                gecko_bgapi_class_flash_init
 .text.gecko_bgapi_class_le_gap_init
                0x00000000000110ac       0x12 /Users/clfilho/SimplicityStudio/BLE/soc-ibeacon_EM4/protocol/bluetooth/lib/EFR32BG13P/GCC/libbluetooth.a(gecko_bgapi_gap.c.obj)
                0x00000000000110ac                gecko_bgapi_class_le_gap_init
 .text.gecko_bgapi_class_gatt_init
                0x00000000000110be       0x12 /Users/clfilho/SimplicityStudio/BLE/soc-ibeacon_EM4/protocol/bluetooth/lib/EFR32BG13P/GCC/libbluetooth.a(gecko_bgapi_gatt.c.obj)
                0x00000000000110be                gecko_bgapi_class_gatt_init
 .text.gecko_bgapi_class_gatt_server_init
                0x00000000000110d0       0x12 /Users/clfilho/SimplicityStudio/BLE/soc-ibeacon_EM4/protocol/bluetooth/lib/EFR32BG13P/GCC/libbluetooth.a(gecko_bgapi_gatt_server.c.obj)
                0x00000000000110d0                gecko_bgapi_class_gatt_server_init
 .text.gecko_bgapi_class_hardware_init
                0x00000000000110e2       0x12 /Users/clfilho/SimplicityStudio/BLE/soc-ibeacon_EM4/protocol/bluetooth/lib/EFR32BG13P/GCC/libbluetooth.a(gecko_bgapi_hardware.c.obj)
                0x00000000000110e2                gecko_bgapi_class_hardware_init
 .text.gecko_bgapi_class_le_connection_init
                0x00000000000110f4       0x12 /Users/clfilho/SimplicityStudio/BLE/soc-ibeacon_EM4/protocol/bluetooth/lib/EFR32BG13P/GCC/libbluetooth.a(gecko_bgapi_le_connection.c.obj)
                0x00000000000110f4                gecko_bgapi_class_le_connection_init
 .text.gecko_bgapi_class_sm_init
                0x0000000000011106       0x12 /Users/clfilho/SimplicityStudio/BLE/soc-ibeacon_EM4/protocol/bluetooth/lib/EFR32BG13P/GCC/libbluetooth.a(gecko_bgapi_sm.c.obj)
                0x0000000000011106                gecko_bgapi_class_sm_init
 .text.gecko_bgapi_class_system_init
                0x0000000000011118       0x12 /Users/clfilho/SimplicityStudio/BLE/soc-ibeacon_EM4/protocol/bluetooth/lib/EFR32BG13P/GCC/libbluetooth.a(gecko_bgapi_system.c.obj)
                0x0000000000011118                gecko_bgapi_class_system_init
 .text.gecko_bgapi_class_test_init
                0x000000000001112a       0x12 /Users/clfilho/SimplicityStudio/BLE/soc-ibeacon_EM4/protocol/bluetooth/lib/EFR32BG13P/GCC/libbluetooth.a(gecko_bgapi_test.c.obj)
                0x000000000001112a                gecko_bgapi_class_test_init
 .text.get_bgapi_library
                0x000000000001113c       0x18 /Users/clfilho/SimplicityStudio/BLE/soc-ibeacon_EM4/protocol/bluetooth/lib/EFR32BG13P/GCC/libbluetooth.a(gecko_endpoints.c.obj)
 .text.handle_bgapi_output
                0x0000000000011154       0x74 /Users/clfilho/SimplicityStudio/BLE/soc-ibeacon_EM4/protocol/bluetooth/lib/EFR32BG13P/GCC/libbluetooth.a(gecko_endpoints.c.obj)
 .text.gecko_release_evt
                0x00000000000111c8       0x14 /Users/clfilho/SimplicityStudio/BLE/soc-ibeacon_EM4/protocol/bluetooth/lib/EFR32BG13P/GCC/libbluetooth.a(gecko_endpoints.c.obj)
                0x00000000000111c8                gecko_release_evt
 .text.gecko_get_evt
                0x00000000000111dc       0x10 /Users/clfilho/SimplicityStudio/BLE/soc-ibeacon_EM4/protocol/bluetooth/lib/EFR32BG13P/GCC/libbluetooth.a(gecko_endpoints.c.obj)
                0x00000000000111dc                gecko_get_evt
 .text.gecko_register_bgapi_library
                0x00000000000111ec       0x30 /Users/clfilho/SimplicityStudio/BLE/soc-ibeacon_EM4/protocol/bluetooth/lib/EFR32BG13P/GCC/libbluetooth.a(gecko_endpoints.c.obj)
                0x00000000000111ec                gecko_register_bgapi_library
 .text.gecko_handle_library_packet
                0x000000000001121c       0x10 /Users/clfilho/SimplicityStudio/BLE/soc-ibeacon_EM4/protocol/bluetooth/lib/EFR32BG13P/GCC/libbluetooth.a(gecko_endpoints.c.obj)
                0x000000000001121c                gecko_handle_library_packet
 .text.sli_bt_cmd_handler_delegate
                0x000000000001122c       0x5e /Users/clfilho/SimplicityStudio/BLE/soc-ibeacon_EM4/protocol/bluetooth/lib/EFR32BG13P/GCC/libbluetooth.a(gecko_endpoints.c.obj)
                0x000000000001122c                sli_bt_cmd_handler_delegate
 .text.hci_increase_token
                0x000000000001128a       0x12 /Users/clfilho/SimplicityStudio/BLE/soc-ibeacon_EM4/protocol/bluetooth/lib/EFR32BG13P/GCC/libbluetooth.a(hci.c.obj)
                0x000000000001128a                hci_increase_token
 .text.hci_init
                0x000000000001129c       0x1c /Users/clfilho/SimplicityStudio/BLE/soc-ibeacon_EM4/protocol/bluetooth/lib/EFR32BG13P/GCC/libbluetooth.a(hci.c.obj)
                0x000000000001129c                hci_init
 .text.hci_command_status_handle
                0x00000000000112b8       0x40 /Users/clfilho/SimplicityStudio/BLE/soc-ibeacon_EM4/protocol/bluetooth/lib/EFR32BG13P/GCC/libbluetooth.a(hci.c.obj)
                0x00000000000112b8                hci_command_status_handle
 .text.hci_command_complete_handle
                0x00000000000112f8       0xd4 /Users/clfilho/SimplicityStudio/BLE/soc-ibeacon_EM4/protocol/bluetooth/lib/EFR32BG13P/GCC/libbluetooth.a(hci.c.obj)
                0x00000000000112f8                hci_command_complete_handle
 .text.handle_extended_advertising_report
                0x00000000000113cc      0x100 /Users/clfilho/SimplicityStudio/BLE/soc-ibeacon_EM4/protocol/bluetooth/lib/EFR32BG13P/GCC/libbluetooth.a(hci.c.obj)
                0x00000000000113cc                handle_extended_advertising_report
 .text.hci_inject_acl
                0x00000000000114cc        0xc /Users/clfilho/SimplicityStudio/BLE/soc-ibeacon_EM4/protocol/bluetooth/lib/EFR32BG13P/GCC/libbluetooth.a(hci.c.obj)
                0x00000000000114cc                hci_inject_acl
 .text.hci_packets_waiting
                0x00000000000114d8       0x18 /Users/clfilho/SimplicityStudio/BLE/soc-ibeacon_EM4/protocol/bluetooth/lib/EFR32BG13P/GCC/libbluetooth.a(hci.c.obj)
                0x00000000000114d8                hci_packets_waiting
 .text.hci_get_acl_packet
                0x00000000000114f0       0x14 /Users/clfilho/SimplicityStudio/BLE/soc-ibeacon_EM4/protocol/bluetooth/lib/EFR32BG13P/GCC/libbluetooth.a(hci.c.obj)
                0x00000000000114f0                hci_get_acl_packet
 .text.hci_send_command
                0x0000000000011504       0x12 /Users/clfilho/SimplicityStudio/BLE/soc-ibeacon_EM4/protocol/bluetooth/lib/EFR32BG13P/GCC/libbluetooth.a(hci.c.obj)
                0x0000000000011504                hci_send_command
 .text.hci_read_bdaddr
                0x0000000000011516       0x1c /Users/clfilho/SimplicityStudio/BLE/soc-ibeacon_EM4/protocol/bluetooth/lib/EFR32BG13P/GCC/libbluetooth.a(hci.c.obj)
                0x0000000000011516                hci_read_bdaddr
 *fill*         0x0000000000011532        0x2 
 .text.hci_state_listener
                0x0000000000011534       0x14 /Users/clfilho/SimplicityStudio/BLE/soc-ibeacon_EM4/protocol/bluetooth/lib/EFR32BG13P/GCC/libbluetooth.a(hci.c.obj)
                0x0000000000011534                hci_state_listener
 .text.hci_set_state
                0x0000000000011548       0x1c /Users/clfilho/SimplicityStudio/BLE/soc-ibeacon_EM4/protocol/bluetooth/lib/EFR32BG13P/GCC/libbluetooth.a(hci.c.obj)
                0x0000000000011548                hci_set_state
 .text.hci_state_listener_init
                0x0000000000011564       0x10 /Users/clfilho/SimplicityStudio/BLE/soc-ibeacon_EM4/protocol/bluetooth/lib/EFR32BG13P/GCC/libbluetooth.a(hci.c.obj)
                0x0000000000011564                hci_state_listener_init
 .text.hci_state_listener_init_default_data_length
                0x0000000000011574       0x6c /Users/clfilho/SimplicityStudio/BLE/soc-ibeacon_EM4/protocol/bluetooth/lib/EFR32BG13P/GCC/libbluetooth.a(hci.c.obj)
                0x0000000000011574                hci_state_listener_init_default_data_length
 .text.hci_run  0x00000000000115e0        0x6 /Users/clfilho/SimplicityStudio/BLE/soc-ibeacon_EM4/protocol/bluetooth/lib/EFR32BG13P/GCC/libbluetooth.a(hci.c.obj)
                0x00000000000115e0                hci_run
 .text.hci_start
                0x00000000000115e6        0x6 /Users/clfilho/SimplicityStudio/BLE/soc-ibeacon_EM4/protocol/bluetooth/lib/EFR32BG13P/GCC/libbluetooth.a(hci.c.obj)
                0x00000000000115e6                hci_start
 .text.hci_cleanup_acl
                0x00000000000115ec       0x28 /Users/clfilho/SimplicityStudio/BLE/soc-ibeacon_EM4/protocol/bluetooth/lib/EFR32BG13P/GCC/libbluetooth.a(hci.c.obj)
                0x00000000000115ec                hci_cleanup_acl
 .text.hci_send_acl
                0x0000000000011614       0xac /Users/clfilho/SimplicityStudio/BLE/soc-ibeacon_EM4/protocol/bluetooth/lib/EFR32BG13P/GCC/libbluetooth.a(hci.c.obj)
                0x0000000000011614                hci_send_acl
 .text.hci_le_set_random_address
                0x00000000000116c0       0x2c /Users/clfilho/SimplicityStudio/BLE/soc-ibeacon_EM4/protocol/bluetooth/lib/EFR32BG13P/GCC/libbluetooth.a(hci.c.obj)
                0x00000000000116c0                hci_le_set_random_address
 .text.hci_le_set_extended_advertising_parameters
                0x00000000000116ec       0x98 /Users/clfilho/SimplicityStudio/BLE/soc-ibeacon_EM4/protocol/bluetooth/lib/EFR32BG13P/GCC/libbluetooth.a(hci.c.obj)
                0x00000000000116ec                hci_le_set_extended_advertising_parameters
 .text.hci_le_set_advertising_set_random_address
                0x0000000000011784       0x38 /Users/clfilho/SimplicityStudio/BLE/soc-ibeacon_EM4/protocol/bluetooth/lib/EFR32BG13P/GCC/libbluetooth.a(hci.c.obj)
                0x0000000000011784                hci_le_set_advertising_set_random_address
 .text.hci_le_set_extended_advertising_data
                0x00000000000117bc       0x34 /Users/clfilho/SimplicityStudio/BLE/soc-ibeacon_EM4/protocol/bluetooth/lib/EFR32BG13P/GCC/libbluetooth.a(hci.c.obj)
                0x00000000000117bc                hci_le_set_extended_advertising_data
 .text.hci_le_set_extended_scan_response_data
                0x00000000000117f0       0x34 /Users/clfilho/SimplicityStudio/BLE/soc-ibeacon_EM4/protocol/bluetooth/lib/EFR32BG13P/GCC/libbluetooth.a(hci.c.obj)
                0x00000000000117f0                hci_le_set_extended_scan_response_data
 .text.hci_le_set_extended_advertising_enable
                0x0000000000011824       0x44 /Users/clfilho/SimplicityStudio/BLE/soc-ibeacon_EM4/protocol/bluetooth/lib/EFR32BG13P/GCC/libbluetooth.a(hci.c.obj)
                0x0000000000011824                hci_le_set_extended_advertising_enable
 .text.hci_le_set_extended_scan_parameters
                0x0000000000011868       0x4c /Users/clfilho/SimplicityStudio/BLE/soc-ibeacon_EM4/protocol/bluetooth/lib/EFR32BG13P/GCC/libbluetooth.a(hci.c.obj)
                0x0000000000011868                hci_le_set_extended_scan_parameters
 .text.hci_le_set_ext_scan_enable
                0x00000000000118b4       0x34 /Users/clfilho/SimplicityStudio/BLE/soc-ibeacon_EM4/protocol/bluetooth/lib/EFR32BG13P/GCC/libbluetooth.a(hci.c.obj)
                0x00000000000118b4                hci_le_set_ext_scan_enable
 .text.hci_le_create_connection_cancel
                0x00000000000118e8       0x14 /Users/clfilho/SimplicityStudio/BLE/soc-ibeacon_EM4/protocol/bluetooth/lib/EFR32BG13P/GCC/libbluetooth.a(hci.c.obj)
                0x00000000000118e8                hci_le_create_connection_cancel
 .text.hci_close_acl
                0x00000000000118fc       0x42 /Users/clfilho/SimplicityStudio/BLE/soc-ibeacon_EM4/protocol/bluetooth/lib/EFR32BG13P/GCC/libbluetooth.a(hci.c.obj)
                0x00000000000118fc                hci_close_acl
 *fill*         0x000000000001193e        0x2 
 .text.hci_le_connection_update
                0x0000000000011940       0x58 /Users/clfilho/SimplicityStudio/BLE/soc-ibeacon_EM4/protocol/bluetooth/lib/EFR32BG13P/GCC/libbluetooth.a(hci.c.obj)
                0x0000000000011940                hci_le_connection_update
 .text.hci_le_start_encryption
                0x0000000000011998       0x50 /Users/clfilho/SimplicityStudio/BLE/soc-ibeacon_EM4/protocol/bluetooth/lib/EFR32BG13P/GCC/libbluetooth.a(hci.c.obj)
                0x0000000000011998                hci_le_start_encryption
 .text.hci_le_ltk_reply
                0x00000000000119e8       0x4c /Users/clfilho/SimplicityStudio/BLE/soc-ibeacon_EM4/protocol/bluetooth/lib/EFR32BG13P/GCC/libbluetooth.a(hci.c.obj)
                0x00000000000119e8                hci_le_ltk_reply
 .text.hci_le_remote_connection_parameter_request_reply
                0x0000000000011a34       0x58 /Users/clfilho/SimplicityStudio/BLE/soc-ibeacon_EM4/protocol/bluetooth/lib/EFR32BG13P/GCC/libbluetooth.a(hci.c.obj)
                0x0000000000011a34                hci_le_remote_connection_parameter_request_reply
 .text.hci_event_handle
                0x0000000000011a8c      0x284 /Users/clfilho/SimplicityStudio/BLE/soc-ibeacon_EM4/protocol/bluetooth/lib/EFR32BG13P/GCC/libbluetooth.a(hci.c.obj)
                0x0000000000011a8c                hci_event_handle
 .text.hci_get_and_handle
                0x0000000000011d10       0x20 /Users/clfilho/SimplicityStudio/BLE/soc-ibeacon_EM4/protocol/bluetooth/lib/EFR32BG13P/GCC/libbluetooth.a(hci.c.obj)
                0x0000000000011d10                hci_get_and_handle
 .text.hci_state_listener_idle
                0x0000000000011d30       0x1c /Users/clfilho/SimplicityStudio/BLE/soc-ibeacon_EM4/protocol/bluetooth/lib/EFR32BG13P/GCC/libbluetooth.a(hci.c.obj)
                0x0000000000011d30                hci_state_listener_idle
 .text.hci_read_conn_phy
                0x0000000000011d4c       0x54 /Users/clfilho/SimplicityStudio/BLE/soc-ibeacon_EM4/protocol/bluetooth/lib/EFR32BG13P/GCC/libbluetooth.a(hci.c.obj)
                0x0000000000011d4c                hci_read_conn_phy
 .text.cmd2bgbuf
                0x0000000000011da0        0x4 /Users/clfilho/SimplicityStudio/BLE/soc-ibeacon_EM4/protocol/bluetooth/lib/EFR32BG13P/GCC/libbluetooth.a(hci_pck.c.obj)
                0x0000000000011da0                cmd2bgbuf
 .text.hci_command_alloc
                0x0000000000011da4       0x2e /Users/clfilho/SimplicityStudio/BLE/soc-ibeacon_EM4/protocol/bluetooth/lib/EFR32BG13P/GCC/libbluetooth.a(hci_pck.c.obj)
                0x0000000000011da4                hci_command_alloc
 .text.hci_command_init_shared
                0x0000000000011dd2       0x26 /Users/clfilho/SimplicityStudio/BLE/soc-ibeacon_EM4/protocol/bluetooth/lib/EFR32BG13P/GCC/libbluetooth.a(hci_pck.c.obj)
                0x0000000000011dd2                hci_command_init_shared
 .text.hci_command_shared_response
                0x0000000000011df8       0x14 /Users/clfilho/SimplicityStudio/BLE/soc-ibeacon_EM4/protocol/bluetooth/lib/EFR32BG13P/GCC/libbluetooth.a(hci_pck.c.obj)
                0x0000000000011df8                hci_command_shared_response
 .text.hci_command_init_shared_bgbuf
                0x0000000000011e0c       0x5a /Users/clfilho/SimplicityStudio/BLE/soc-ibeacon_EM4/protocol/bluetooth/lib/EFR32BG13P/GCC/libbluetooth.a(hci_pck.c.obj)
                0x0000000000011e0c                hci_command_init_shared_bgbuf
 *fill*         0x0000000000011e66        0x2 
 .text.hci_get_output_acl
                0x0000000000011e68        0xc /Users/clfilho/SimplicityStudio/BLE/soc-ibeacon_EM4/protocol/bluetooth/lib/EFR32BG13P/GCC/libbluetooth.a(hci_pck.c.obj)
                0x0000000000011e68                hci_get_output_acl
 .text.hci_get_event
                0x0000000000011e74        0xc /Users/clfilho/SimplicityStudio/BLE/soc-ibeacon_EM4/protocol/bluetooth/lib/EFR32BG13P/GCC/libbluetooth.a(hci_pck.c.obj)
                0x0000000000011e74                hci_get_event
 .text.hci_inject_event
                0x0000000000011e80        0xc /Users/clfilho/SimplicityStudio/BLE/soc-ibeacon_EM4/protocol/bluetooth/lib/EFR32BG13P/GCC/libbluetooth.a(hci_pck.c.obj)
                0x0000000000011e80                hci_inject_event
 .text.bg_pre_sleep
                0x0000000000011e8c        0x2 /Users/clfilho/SimplicityStudio/BLE/soc-ibeacon_EM4/protocol/bluetooth/lib/EFR32BG13P/GCC/libbluetooth.a(init.c.obj)
                0x0000000000011e8c                bg_pre_sleep
 .text.bg_post_wakeup
                0x0000000000011e8e        0x2 /Users/clfilho/SimplicityStudio/BLE/soc-ibeacon_EM4/protocol/bluetooth/lib/EFR32BG13P/GCC/libbluetooth.a(init.c.obj)
                0x0000000000011e8e                bg_post_wakeup
 .text.bg_radio_init
                0x0000000000011e90       0xe4 /Users/clfilho/SimplicityStudio/BLE/soc-ibeacon_EM4/protocol/bluetooth/lib/EFR32BG13P/GCC/libbluetooth.a(init.c.obj)
                0x0000000000011e90                bg_radio_init
 .text.bg_low_init
                0x0000000000011f74       0x20 /Users/clfilho/SimplicityStudio/BLE/soc-ibeacon_EM4/protocol/bluetooth/lib/EFR32BG13P/GCC/libbluetooth.a(init.c.obj)
                0x0000000000011f74                bg_low_init
 .text.irq_init
                0x0000000000011f94       0x80 /Users/clfilho/SimplicityStudio/BLE/soc-ibeacon_EM4/protocol/bluetooth/lib/EFR32BG13P/GCC/libbluetooth.a(irq.c.obj)
                0x0000000000011f94                irq_init
 .text.l2cap_send_update_parameters_response
                0x0000000000012014       0x48 /Users/clfilho/SimplicityStudio/BLE/soc-ibeacon_EM4/protocol/bluetooth/lib/EFR32BG13P/GCC/libbluetooth.a(l2cap.c.obj)
 .text.l2cap_message_handler
                0x000000000001205c       0x34 /Users/clfilho/SimplicityStudio/BLE/soc-ibeacon_EM4/protocol/bluetooth/lib/EFR32BG13P/GCC/libbluetooth.a(l2cap.c.obj)
                0x000000000001205c                l2cap_message_handler
 .text.l2cap_init
                0x0000000000012090       0x14 /Users/clfilho/SimplicityStudio/BLE/soc-ibeacon_EM4/protocol/bluetooth/lib/EFR32BG13P/GCC/libbluetooth.a(l2cap.c.obj)
                0x0000000000012090                l2cap_init
 .text.l2cap_send_fixed_channel
                0x00000000000120a4       0x40 /Users/clfilho/SimplicityStudio/BLE/soc-ibeacon_EM4/protocol/bluetooth/lib/EFR32BG13P/GCC/libbluetooth.a(l2cap.c.obj)
                0x00000000000120a4                l2cap_send_fixed_channel
 .text.l2cap_send_command_reject
                0x00000000000120e4       0x48 /Users/clfilho/SimplicityStudio/BLE/soc-ibeacon_EM4/protocol/bluetooth/lib/EFR32BG13P/GCC/libbluetooth.a(l2cap.c.obj)
                0x00000000000120e4                l2cap_send_command_reject
 .text.acl_packet_handle
                0x000000000001212c      0x170 /Users/clfilho/SimplicityStudio/BLE/soc-ibeacon_EM4/protocol/bluetooth/lib/EFR32BG13P/GCC/libbluetooth.a(l2cap.c.obj)
                0x000000000001212c                acl_packet_handle
 .text.l2cap_coc_alloc_mem
                0x000000000001229c        0x2 /Users/clfilho/SimplicityStudio/BLE/soc-ibeacon_EM4/protocol/bluetooth/lib/EFR32BG13P/GCC/libbluetooth.a(l2cap_coc-stubs.c.obj)
                0x000000000001229c                l2cap_coc_alloc_mem
 .text.l2cap_coc_signal_handler
                0x000000000001229e        0x4 /Users/clfilho/SimplicityStudio/BLE/soc-ibeacon_EM4/protocol/bluetooth/lib/EFR32BG13P/GCC/libbluetooth.a(l2cap_coc-stubs.c.obj)
                0x000000000001229e                l2cap_coc_signal_handler
 .text.l2cap_coc_data_handler
                0x00000000000122a2       0x12 /Users/clfilho/SimplicityStudio/BLE/soc-ibeacon_EM4/protocol/bluetooth/lib/EFR32BG13P/GCC/libbluetooth.a(l2cap_coc-stubs.c.obj)
                0x00000000000122a2                l2cap_coc_data_handler
 .text.ubt_l2cap_coc_acl_free
                0x00000000000122b4        0x2 /Users/clfilho/SimplicityStudio/BLE/soc-ibeacon_EM4/protocol/bluetooth/lib/EFR32BG13P/GCC/libbluetooth.a(l2cap_coc-stubs.c.obj)
                0x00000000000122b4                ubt_l2cap_coc_acl_free
 .text.ll_advSyncHandleEvent
                0x00000000000122b6        0x2 /Users/clfilho/SimplicityStudio/BLE/soc-ibeacon_EM4/protocol/bluetooth/lib/EFR32BG13P/GCC/libbluetooth.a(ll_adv_sync-stubs.c.obj)
                0x00000000000122b6                ll_advSyncHandleEvent
 .text.ll_allocPeriodicAdv